Archive member included to satisfy reference by file (symbol)

c:/st/stm32cubeide_1.6.0/stm32cubeide/plugins/com.st.stm32cube.ide.mcu.externaltools.gnu-tools-for-stm32.10.3-2021.10.win32_1.0.0.202111181127/tools/bin/../lib/gcc/arm-none-eabi/10.3.1/../../../../arm-none-eabi/lib/thumb/v7-m/nofp\libc_nano.a(lib_a-errno.o)
                              ./Core/Src/syscalls.o (__errno)
c:/st/stm32cubeide_1.6.0/stm32cubeide/plugins/com.st.stm32cube.ide.mcu.externaltools.gnu-tools-for-stm32.10.3-2021.10.win32_1.0.0.202111181127/tools/bin/../lib/gcc/arm-none-eabi/10.3.1/../../../../arm-none-eabi/lib/thumb/v7-m/nofp\libc_nano.a(lib_a-exit.o)
                              c:/st/stm32cubeide_1.6.0/stm32cubeide/plugins/com.st.stm32cube.ide.mcu.externaltools.gnu-tools-for-stm32.10.3-2021.10.win32_1.0.0.202111181127/tools/bin/../lib/gcc/arm-none-eabi/10.3.1/../../../../arm-none-eabi/lib/thumb/v7-m/nofp/crt0.o (exit)
c:/st/stm32cubeide_1.6.0/stm32cubeide/plugins/com.st.stm32cube.ide.mcu.externaltools.gnu-tools-for-stm32.10.3-2021.10.win32_1.0.0.202111181127/tools/bin/../lib/gcc/arm-none-eabi/10.3.1/../../../../arm-none-eabi/lib/thumb/v7-m/nofp\libc_nano.a(lib_a-impure.o)
                              c:/st/stm32cubeide_1.6.0/stm32cubeide/plugins/com.st.stm32cube.ide.mcu.externaltools.gnu-tools-for-stm32.10.3-2021.10.win32_1.0.0.202111181127/tools/bin/../lib/gcc/arm-none-eabi/10.3.1/../../../../arm-none-eabi/lib/thumb/v7-m/nofp\libc_nano.a(lib_a-exit.o) (_global_impure_ptr)
c:/st/stm32cubeide_1.6.0/stm32cubeide/plugins/com.st.stm32cube.ide.mcu.externaltools.gnu-tools-for-stm32.10.3-2021.10.win32_1.0.0.202111181127/tools/bin/../lib/gcc/arm-none-eabi/10.3.1/../../../../arm-none-eabi/lib/thumb/v7-m/nofp\libc_nano.a(lib_a-init.o)
                              c:/st/stm32cubeide_1.6.0/stm32cubeide/plugins/com.st.stm32cube.ide.mcu.externaltools.gnu-tools-for-stm32.10.3-2021.10.win32_1.0.0.202111181127/tools/bin/../lib/gcc/arm-none-eabi/10.3.1/../../../../arm-none-eabi/lib/thumb/v7-m/nofp/crt0.o (__libc_init_array)
c:/st/stm32cubeide_1.6.0/stm32cubeide/plugins/com.st.stm32cube.ide.mcu.externaltools.gnu-tools-for-stm32.10.3-2021.10.win32_1.0.0.202111181127/tools/bin/../lib/gcc/arm-none-eabi/10.3.1/../../../../arm-none-eabi/lib/thumb/v7-m/nofp\libc_nano.a(lib_a-memset.o)
                              c:/st/stm32cubeide_1.6.0/stm32cubeide/plugins/com.st.stm32cube.ide.mcu.externaltools.gnu-tools-for-stm32.10.3-2021.10.win32_1.0.0.202111181127/tools/bin/../lib/gcc/arm-none-eabi/10.3.1/../../../../arm-none-eabi/lib/thumb/v7-m/nofp/crt0.o (memset)

Discarded input sections

 .text          0x0000000000000000        0x0 c:/st/stm32cubeide_1.6.0/stm32cubeide/plugins/com.st.stm32cube.ide.mcu.externaltools.gnu-tools-for-stm32.10.3-2021.10.win32_1.0.0.202111181127/tools/bin/../lib/gcc/arm-none-eabi/10.3.1/thumb/v7-m/nofp/crti.o
 .data          0x0000000000000000        0x0 c:/st/stm32cubeide_1.6.0/stm32cubeide/plugins/com.st.stm32cube.ide.mcu.externaltools.gnu-tools-for-stm32.10.3-2021.10.win32_1.0.0.202111181127/tools/bin/../lib/gcc/arm-none-eabi/10.3.1/thumb/v7-m/nofp/crti.o
 .bss           0x0000000000000000        0x0 c:/st/stm32cubeide_1.6.0/stm32cubeide/plugins/com.st.stm32cube.ide.mcu.externaltools.gnu-tools-for-stm32.10.3-2021.10.win32_1.0.0.202111181127/tools/bin/../lib/gcc/arm-none-eabi/10.3.1/thumb/v7-m/nofp/crti.o
 .data          0x0000000000000000        0x4 c:/st/stm32cubeide_1.6.0/stm32cubeide/plugins/com.st.stm32cube.ide.mcu.externaltools.gnu-tools-for-stm32.10.3-2021.10.win32_1.0.0.202111181127/tools/bin/../lib/gcc/arm-none-eabi/10.3.1/thumb/v7-m/nofp/crtbegin.o
 .rodata        0x0000000000000000       0x24 c:/st/stm32cubeide_1.6.0/stm32cubeide/plugins/com.st.stm32cube.ide.mcu.externaltools.gnu-tools-for-stm32.10.3-2021.10.win32_1.0.0.202111181127/tools/bin/../lib/gcc/arm-none-eabi/10.3.1/thumb/v7-m/nofp/crtbegin.o
 .text          0x0000000000000000       0x7c c:/st/stm32cubeide_1.6.0/stm32cubeide/plugins/com.st.stm32cube.ide.mcu.externaltools.gnu-tools-for-stm32.10.3-2021.10.win32_1.0.0.202111181127/tools/bin/../lib/gcc/arm-none-eabi/10.3.1/../../../../arm-none-eabi/lib/thumb/v7-m/nofp/crt0.o
 .data          0x0000000000000000        0x0 c:/st/stm32cubeide_1.6.0/stm32cubeide/plugins/com.st.stm32cube.ide.mcu.externaltools.gnu-tools-for-stm32.10.3-2021.10.win32_1.0.0.202111181127/tools/bin/../lib/gcc/arm-none-eabi/10.3.1/../../../../arm-none-eabi/lib/thumb/v7-m/nofp/crt0.o
 .bss           0x0000000000000000        0x0 c:/st/stm32cubeide_1.6.0/stm32cubeide/plugins/com.st.stm32cube.ide.mcu.externaltools.gnu-tools-for-stm32.10.3-2021.10.win32_1.0.0.202111181127/tools/bin/../lib/gcc/arm-none-eabi/10.3.1/../../../../arm-none-eabi/lib/thumb/v7-m/nofp/crt0.o
[...]
Memory Configuration

Name             Origin             Length             Attributes
RAM              0x0000000020000000 0x0000000000005000 xrw
FLASH            0x0000000008000000 0x0000000000010000 xr
*default*        0x0000000000000000 0xffffffffffffffff

Linker script and memory map

LOAD c:/st/stm32cubeide_1.6.0/stm32cubeide/plugins/com.st.stm32cube.ide.mcu.externaltools.gnu-tools-for-stm32.10.3-2021.10.win32_1.0.0.202111181127/tools/bin/../lib/gcc/arm-none-eabi/10.3.1/thumb/v7-m/nofp/crti.o
LOAD c:/st/stm32cubeide_1.6.0/stm32cubeide/plugins/com.st.stm32cube.ide.mcu.externaltools.gnu-tools-for-stm32.10.3-2021.10.win32_1.0.0.202111181127/tools/bin/../lib/gcc/arm-none-eabi/10.3.1/thumb/v7-m/nofp/crtbegin.o
LOAD c:/st/stm32cubeide_1.6.0/stm32cubeide/plugins/com.st.stm32cube.ide.mcu.externaltools.gnu-tools-for-stm32.10.3-2021.10.win32_1.0.0.202111181127/tools/bin/../lib/gcc/arm-none-eabi/10.3.1/../../../../arm-none-eabi/lib/thumb/v7-m/nofp/crt0.o
LOAD ./Core/Src/NeoPixel.o
LOAD ./Core/Src/main.o
LOAD ./Core/Src/stm32f1xx_hal_msp.o
LOAD ./Core/Src/stm32f1xx_it.o
LOAD ./Core/Src/syscalls.o
LOAD ./Core/Src/sysmem.o
LOAD ./Core/Src/system_stm32f1xx.o
LOAD ./Core/Startup/startup_stm32f103c8tx.o
LOAD ./Drivers/STM32F1xx_HAL_Driver/Src/stm32f1xx_hal.o
LOAD ./Drivers/STM32F1xx_HAL_Driver/Src/stm32f1xx_hal_cortex.o
LOAD ./Drivers/STM32F1xx_HAL_Driver/Src/stm32f1xx_hal_dma.o
LOAD ./Drivers/STM32F1xx_HAL_Driver/Src/stm32f1xx_hal_exti.o
LOAD ./Drivers/STM32F1xx_HAL_Driver/Src/stm32f1xx_hal_flash.o
LOAD ./Drivers/STM32F1xx_HAL_Driver/Src/stm32f1xx_hal_flash_ex.o
LOAD ./Drivers/STM32F1xx_HAL_Driver/Src/stm32f1xx_hal_gpio.o
LOAD ./Drivers/STM32F1xx_HAL_Driver/Src/stm32f1xx_hal_gpio_ex.o
LOAD ./Drivers/STM32F1xx_HAL_Driver/Src/stm32f1xx_hal_pcd.o
LOAD ./Drivers/STM32F1xx_HAL_Driver/Src/stm32f1xx_hal_pcd_ex.o
LOAD ./Drivers/STM32F1xx_HAL_Driver/Src/stm32f1xx_hal_pwr.o
LOAD ./Drivers/STM32F1xx_HAL_Driver/Src/stm32f1xx_hal_rcc.o
LOAD ./Drivers/STM32F1xx_HAL_Driver/Src/stm32f1xx_hal_rcc_ex.o
LOAD ./Drivers/STM32F1xx_HAL_Driver/Src/stm32f1xx_hal_tim.o
LOAD ./Drivers/STM32F1xx_HAL_Driver/Src/stm32f1xx_hal_tim_ex.o
LOAD ./Drivers/STM32F1xx_HAL_Driver/Src/stm32f1xx_ll_usb.o
LOAD ./Middlewares/ST/STM32_USB_Device_Library/Class/CDC/Src/usbd_cdc.o
LOAD ./Middlewares/ST/STM32_USB_Device_Library/Core/Src/usbd_core.o
LOAD ./Middlewares/ST/STM32_USB_Device_Library/Core/Src/usbd_ctlreq.o
LOAD ./Middlewares/ST/STM32_USB_Device_Library/Core/Src/usbd_ioreq.o
LOAD ./USB_DEVICE/App/usb_device.o
LOAD ./USB_DEVICE/App/usbd_cdc_if.o
LOAD ./USB_DEVICE/App/usbd_desc.o
LOAD ./USB_DEVICE/Target/usbd_conf.o
START GROUP
LOAD c:/st/stm32cubeide_1.6.0/stm32cubeide/plugins/com.st.stm32cube.ide.mcu.externaltools.gnu-tools-for-stm32.10.3-2021.10.win32_1.0.0.202111181127/tools/bin/../lib/gcc/arm-none-eabi/10.3.1/../../../../arm-none-eabi/lib/thumb/v7-m/nofp\libstdc++_nano.a
LOAD c:/st/stm32cubeide_1.6.0/stm32cubeide/plugins/com.st.stm32cube.ide.mcu.externaltools.gnu-tools-for-stm32.10.3-2021.10.win32_1.0.0.202111181127/tools/bin/../lib/gcc/arm-none-eabi/10.3.1/../../../../arm-none-eabi/lib/thumb/v7-m/nofp\libsupc++_nano.a
END GROUP
LOAD c:/st/stm32cubeide_1.6.0/stm32cubeide/plugins/com.st.stm32cube.ide.mcu.externaltools.gnu-tools-for-stm32.10.3-2021.10.win32_1.0.0.202111181127/tools/bin/../lib/gcc/arm-none-eabi/10.3.1/../../../../arm-none-eabi/lib/thumb/v7-m/nofp\libstdc++_nano.a
LOAD c:/st/stm32cubeide_1.6.0/stm32cubeide/plugins/com.st.stm32cube.ide.mcu.externaltools.gnu-tools-for-stm32.10.3-2021.10.win32_1.0.0.202111181127/tools/bin/../lib/gcc/arm-none-eabi/10.3.1/../../../../arm-none-eabi/lib/thumb/v7-m/nofp\libm.a
LOAD c:/st/stm32cubeide_1.6.0/stm32cubeide/plugins/com.st.stm32cube.ide.mcu.externaltools.gnu-tools-for-stm32.10.3-2021.10.win32_1.0.0.202111181127/tools/bin/../lib/gcc/arm-none-eabi/10.3.1/../../../../arm-none-eabi/lib/thumb/v7-m/nofp\libc_nano.a
START GROUP
LOAD c:/st/stm32cubeide_1.6.0/stm32cubeide/plugins/com.st.stm32cube.ide.mcu.externaltools.gnu-tools-for-stm32.10.3-2021.10.win32_1.0.0.202111181127/tools/bin/../lib/gcc/arm-none-eabi/10.3.1/thumb/v7-m/nofp\libgcc.a
LOAD c:/st/stm32cubeide_1.6.0/stm32cubeide/plugins/com.st.stm32cube.ide.mcu.externaltools.gnu-tools-for-stm32.10.3-2021.10.win32_1.0.0.202111181127/tools/bin/../lib/gcc/arm-none-eabi/10.3.1/../../../../arm-none-eabi/lib/thumb/v7-m/nofp\libc_nano.a
END GROUP
START GROUP
LOAD c:/st/stm32cubeide_1.6.0/stm32cubeide/plugins/com.st.stm32cube.ide.mcu.externaltools.gnu-tools-for-stm32.10.3-2021.10.win32_1.0.0.202111181127/tools/bin/../lib/gcc/arm-none-eabi/10.3.1/thumb/v7-m/nofp\libgcc.a
LOAD c:/st/stm32cubeide_1.6.0/stm32cubeide/plugins/com.st.stm32cube.ide.mcu.externaltools.gnu-tools-for-stm32.10.3-2021.10.win32_1.0.0.202111181127/tools/bin/../lib/gcc/arm-none-eabi/10.3.1/../../../../arm-none-eabi/lib/thumb/v7-m/nofp\libc_nano.a
LOAD c:/st/stm32cubeide_1.6.0/stm32cubeide/plugins/com.st.stm32cube.ide.mcu.externaltools.gnu-tools-for-stm32.10.3-2021.10.win32_1.0.0.202111181127/tools/bin/../lib/gcc/arm-none-eabi/10.3.1/../../../../arm-none-eabi/lib/thumb/v7-m/nofp\libnosys.a
END GROUP
START GROUP
LOAD c:/st/stm32cubeide_1.6.0/stm32cubeide/plugins/com.st.stm32cube.ide.mcu.externaltools.gnu-tools-for-stm32.10.3-2021.10.win32_1.0.0.202111181127/tools/bin/../lib/gcc/arm-none-eabi/10.3.1/thumb/v7-m/nofp\libgcc.a
LOAD c:/st/stm32cubeide_1.6.0/stm32cubeide/plugins/com.st.stm32cube.ide.mcu.externaltools.gnu-tools-for-stm32.10.3-2021.10.win32_1.0.0.202111181127/tools/bin/../lib/gcc/arm-none-eabi/10.3.1/../../../../arm-none-eabi/lib/thumb/v7-m/nofp\libc_nano.a
LOAD c:/st/stm32cubeide_1.6.0/stm32cubeide/plugins/com.st.stm32cube.ide.mcu.externaltools.gnu-tools-for-stm32.10.3-2021.10.win32_1.0.0.202111181127/tools/bin/../lib/gcc/arm-none-eabi/10.3.1/../../../../arm-none-eabi/lib/thumb/v7-m/nofp\libnosys.a
END GROUP
LOAD c:/st/stm32cubeide_1.6.0/stm32cubeide/plugins/com.st.stm32cube.ide.mcu.externaltools.gnu-tools-for-stm32.10.3-2021.10.win32_1.0.0.202111181127/tools/bin/../lib/gcc/arm-none-eabi/10.3.1/thumb/v7-m/nofp/crtend.o
LOAD c:/st/stm32cubeide_1.6.0/stm32cubeide/plugins/com.st.stm32cube.ide.mcu.externaltools.gnu-tools-for-stm32.10.3-2021.10.win32_1.0.0.202111181127/tools/bin/../lib/gcc/arm-none-eabi/10.3.1/thumb/v7-m/nofp/crtn.o
                0x0000000020005000                _estack = (ORIGIN (RAM) + LENGTH (RAM))
                0x0000000000000200                _Min_Heap_Size = 0x200
                0x0000000000000400                _Min_Stack_Size = 0x400

.isr_vector     0x0000000008000000      0x10c
                0x0000000008000000                . = ALIGN (0x4)
 *(.isr_vector)
 .isr_vector    0x0000000008000000      0x10c ./Core/Startup/startup_stm32f103c8tx.o
                0x0000000008000000                g_pfnVectors
                0x000000000800010c                . = ALIGN (0x4)

.text           0x000000000800010c     0x96f4
                0x000000000800010c                . = ALIGN (0x4)
 *(.text)
 .text          0x000000000800010c       0x40 c:/st/stm32cubeide_1.6.0/stm32cubeide/plugins/com.st.stm32cube.ide.mcu.externaltools.gnu-tools-for-stm32.10.3-2021.10.win32_1.0.0.202111181127/tools/bin/../lib/gcc/arm-none-eabi/10.3.1/thumb/v7-m/nofp/crtbegin.o
 *(.text*)
 .text._ZN6ws28128NeoPixel19update_write_bufferEv
                0x000000000800014c       0xd4 ./Core/Src/NeoPixel.o
                0x000000000800014c                ws2812::NeoPixel::update_write_buffer()
 .text._ZN6ws28128NeoPixel4rendEv
                0x0000000008000220       0x48 ./Core/Src/NeoPixel.o
                0x0000000008000220                ws2812::NeoPixel::rend()
 .text._ZN6ws28128NeoPixelC2EP17TIM_HandleTypeDefmP19__DMA_HandleTypeDefhh
                0x0000000008000268       0x38 ./Core/Src/NeoPixel.o
                0x0000000008000268                ws2812::NeoPixel::NeoPixel(TIM_HandleTypeDef*, unsigned long, __DMA_HandleTypeDef*, unsigned char, unsigned char)
                0x0000000008000268                ws2812::NeoPixel::NeoPixel(TIM_HandleTypeDef*, unsigned long, __DMA_HandleTypeDef*, unsigned char, unsigned char)
 .text.main     0x00000000080002a0      0x28c ./Core/Src/main.o
                0x00000000080002a0                main
 .text._Z18SystemClock_Configv
                0x000000000800052c       0xd2 ./Core/Src/main.o
                0x000000000800052c                SystemClock_Config()
 *fill*         0x00000000080005fe        0x2 
 .text._ZL12MX_TIM1_Initv
                0x0000000008000600      0x170 ./Core/Src/main.o
 .text._ZL12MX_TIM2_Initv
                0x0000000008000770      0x10c ./Core/Src/main.o
 .text._ZL12MX_TIM4_Initv
                0x000000000800087c       0xd0 ./Core/Src/main.o
 .text._ZL11MX_DMA_Initv
                0x000000000800094c       0x9c ./Core/Src/main.o
 .text._ZL12MX_GPIO_Initv
                0x00000000080009e8       0xc8 ./Core/Src/main.o
 .text.Error_Handler
                0x0000000008000ab0        0xa ./Core/Src/main.o
                0x0000000008000ab0                Error_Handler
 *fill*         0x0000000008000aba        0x2 
 .text.HAL_MspInit
                0x0000000008000abc       0x64 ./Core/Src/stm32f1xx_hal_msp.o
                0x0000000008000abc                HAL_MspInit
 .text.HAL_TIM_PWM_MspInit
                0x0000000008000b20      0x304 ./Core/Src/stm32f1xx_hal_msp.o
                0x0000000008000b20                HAL_TIM_PWM_MspInit
 .text.HAL_TIM_MspPostInit
                0x0000000008000e24       0xe8 ./Core/Src/stm32f1xx_hal_msp.o
                0x0000000008000e24                HAL_TIM_MspPostInit
 .text.NMI_Handler
                0x0000000008000f0c        0x6 ./Core/Src/stm32f1xx_it.o
                0x0000000008000f0c                NMI_Handler
 .text.HardFault_Handler
                0x0000000008000f12        0x6 ./Core/Src/stm32f1xx_it.o
                0x0000000008000f12                HardFault_Handler
 .text.MemManage_Handler
                0x0000000008000f18        0x6 ./Core/Src/stm32f1xx_it.o
                0x0000000008000f18                MemManage_Handler
 .text.BusFault_Handler
                0x0000000008000f1e        0x6 ./Core/Src/stm32f1xx_it.o
                0x0000000008000f1e                BusFault_Handler
 .text.UsageFault_Handler
                0x0000000008000f24        0x6 ./Core/Src/stm32f1xx_it.o
                0x0000000008000f24                UsageFault_Handler
 .text.SVC_Handler
                0x0000000008000f2a        0xc ./Core/Src/stm32f1xx_it.o
                0x0000000008000f2a                SVC_Handler
 .text.DebugMon_Handler
                0x0000000008000f36        0xc ./Core/Src/stm32f1xx_it.o
                0x0000000008000f36                DebugMon_Handler
 .text.PendSV_Handler
                0x0000000008000f42        0xc ./Core/Src/stm32f1xx_it.o
                0x0000000008000f42                PendSV_Handler
 .text.SysTick_Handler
                0x0000000008000f4e        0xc ./Core/Src/stm32f1xx_it.o
                0x0000000008000f4e                SysTick_Handler
 *fill*         0x0000000008000f5a        0x2 
 .text.DMA1_Channel1_IRQHandler
                0x0000000008000f5c       0x14 ./Core/Src/stm32f1xx_it.o
                0x0000000008000f5c                DMA1_Channel1_IRQHandler
 .text.DMA1_Channel2_IRQHandler
                0x0000000008000f70       0x14 ./Core/Src/stm32f1xx_it.o
                0x0000000008000f70                DMA1_Channel2_IRQHandler
 .text.DMA1_Channel3_IRQHandler
                0x0000000008000f84       0x14 ./Core/Src/stm32f1xx_it.o
                0x0000000008000f84                DMA1_Channel3_IRQHandler
 .text.DMA1_Channel4_IRQHandler
                0x0000000008000f98       0x14 ./Core/Src/stm32f1xx_it.o
                0x0000000008000f98                DMA1_Channel4_IRQHandler
 .text.DMA1_Channel5_IRQHandler
                0x0000000008000fac       0x14 ./Core/Src/stm32f1xx_it.o
                0x0000000008000fac                DMA1_Channel5_IRQHandler
 .text.DMA1_Channel6_IRQHandler
                0x0000000008000fc0       0x14 ./Core/Src/stm32f1xx_it.o
                0x0000000008000fc0                DMA1_Channel6_IRQHandler
 .text.DMA1_Channel7_IRQHandler
                0x0000000008000fd4       0x14 ./Core/Src/stm32f1xx_it.o
                0x0000000008000fd4                DMA1_Channel7_IRQHandler
 .text.USB_LP_CAN1_RX0_IRQHandler
                0x0000000008000fe8       0x14 ./Core/Src/stm32f1xx_it.o
                0x0000000008000fe8                USB_LP_CAN1_RX0_IRQHandler
 .text.SystemInit
                0x0000000008000ffc        0xc ./Core/Src/system_stm32f1xx.o
                0x0000000008000ffc                SystemInit
 .text.Reset_Handler
                0x0000000008001008       0x48 ./Core/Startup/startup_stm32f103c8tx.o
                0x0000000008001008                Reset_Handler
 .text.Default_Handler
                0x0000000008001050        0x2 ./Core/Startup/startup_stm32f103c8tx.o
                0x0000000008001050                RTC_Alarm_IRQHandler
                0x0000000008001050                EXTI2_IRQHandler
                0x0000000008001050                TIM1_CC_IRQHandler
                0x0000000008001050                PVD_IRQHandler
                0x0000000008001050                EXTI3_IRQHandler
                0x0000000008001050                EXTI0_IRQHandler
                0x0000000008001050                I2C2_EV_IRQHandler
                0x0000000008001050                ADC1_2_IRQHandler
                0x0000000008001050                SPI1_IRQHandler
                0x0000000008001050                TAMPER_IRQHandler
                0x0000000008001050                USART3_IRQHandler
                0x0000000008001050                RTC_IRQHandler
                0x0000000008001050                CAN1_RX1_IRQHandler
                0x0000000008001050                TIM4_IRQHandler
                0x0000000008001050                I2C1_EV_IRQHandler
                0x0000000008001050                TIM3_IRQHandler
                0x0000000008001050                RCC_IRQHandler
                0x0000000008001050                TIM1_TRG_COM_IRQHandler
                0x0000000008001050                Default_Handler
                0x0000000008001050                EXTI15_10_IRQHandler
                0x0000000008001050                EXTI9_5_IRQHandler
                0x0000000008001050                SPI2_IRQHandler
                0x0000000008001050                EXTI4_IRQHandler
                0x0000000008001050                USB_HP_CAN1_TX_IRQHandler
                0x0000000008001050                TIM1_UP_IRQHandler
                0x0000000008001050                WWDG_IRQHandler
                0x0000000008001050                TIM2_IRQHandler
                0x0000000008001050                TIM1_BRK_IRQHandler
                0x0000000008001050                EXTI1_IRQHandler
                0x0000000008001050                USART2_IRQHandler
                0x0000000008001050                I2C2_ER_IRQHandler
                0x0000000008001050                CAN1_SCE_IRQHandler
                0x0000000008001050                FLASH_IRQHandler
                0x0000000008001050                USART1_IRQHandler
                0x0000000008001050                I2C1_ER_IRQHandler
                0x0000000008001050                USBWakeUp_IRQHandler
 *fill*         0x0000000008001052        0x2 
 .text.HAL_Init
                0x0000000008001054       0x2c ./Drivers/STM32F1xx_HAL_Driver/Src/stm32f1xx_hal.o
                0x0000000008001054                HAL_Init
 .text.HAL_InitTick
                0x0000000008001080       0x60 ./Drivers/STM32F1xx_HAL_Driver/Src/stm32f1xx_hal.o
                0x0000000008001080                HAL_InitTick
 .text.HAL_IncTick
                0x00000000080010e0       0x24 ./Drivers/STM32F1xx_HAL_Driver/Src/stm32f1xx_hal.o
                0x00000000080010e0                HAL_IncTick
 .text.HAL_GetTick
                0x0000000008001104       0x14 ./Drivers/STM32F1xx_HAL_Driver/Src/stm32f1xx_hal.o
                0x0000000008001104                HAL_GetTick
 .text.HAL_Delay
                0x0000000008001118       0x48 ./Drivers/STM32F1xx_HAL_Driver/Src/stm32f1xx_hal.o
                0x0000000008001118                HAL_Delay
 .text.__NVIC_SetPriorityGrouping
                0x0000000008001160       0x48 ./Drivers/STM32F1xx_HAL_Driver/Src/stm32f1xx_hal_cortex.o
 .text.__NVIC_GetPriorityGrouping
                0x00000000080011a8       0x1c ./Drivers/STM32F1xx_HAL_Driver/Src/stm32f1xx_hal_cortex.o
 .text.__NVIC_EnableIRQ
                0x00000000080011c4       0x38 ./Drivers/STM32F1xx_HAL_Driver/Src/stm32f1xx_hal_cortex.o
 .text.__NVIC_SetPriority
                0x00000000080011fc       0x54 ./Drivers/STM32F1xx_HAL_Driver/Src/stm32f1xx_hal_cortex.o
 .text.NVIC_EncodePriority
                0x0000000008001250       0x64 ./Drivers/STM32F1xx_HAL_Driver/Src/stm32f1xx_hal_cortex.o
 .text.SysTick_Config
                0x00000000080012b4       0x44 ./Drivers/STM32F1xx_HAL_Driver/Src/stm32f1xx_hal_cortex.o
 .text.HAL_NVIC_SetPriorityGrouping
                0x00000000080012f8       0x16 ./Drivers/STM32F1xx_HAL_Driver/Src/stm32f1xx_hal_cortex.o
                0x00000000080012f8                HAL_NVIC_SetPriorityGrouping
 .text.HAL_NVIC_SetPriority
                0x000000000800130e       0x38 ./Drivers/STM32F1xx_HAL_Driver/Src/stm32f1xx_hal_cortex.o
                0x000000000800130e                HAL_NVIC_SetPriority
 .text.HAL_NVIC_EnableIRQ
                0x0000000008001346       0x1c ./Drivers/STM32F1xx_HAL_Driver/Src/stm32f1xx_hal_cortex.o
                0x0000000008001346                HAL_NVIC_EnableIRQ
 .text.HAL_SYSTICK_Config
                0x0000000008001362       0x18 ./Drivers/STM32F1xx_HAL_Driver/Src/stm32f1xx_hal_cortex.o
                0x0000000008001362                HAL_SYSTICK_Config
 *fill*         0x000000000800137a        0x2 
 .text.HAL_DMA_Init
                0x000000000800137c       0xb4 ./Drivers/STM32F1xx_HAL_Driver/Src/stm32f1xx_hal_dma.o
                0x000000000800137c                HAL_DMA_Init
 .text.HAL_DMA_Start_IT
                0x0000000008001430       0xbe ./Drivers/STM32F1xx_HAL_Driver/Src/stm32f1xx_hal_dma.o
                0x0000000008001430                HAL_DMA_Start_IT
 *fill*         0x00000000080014ee        0x2 
 .text.HAL_DMA_Abort_IT
                0x00000000080014f0       0xec ./Drivers/STM32F1xx_HAL_Driver/Src/stm32f1xx_hal_dma.o
                0x00000000080014f0                HAL_DMA_Abort_IT
 .text.HAL_DMA_IRQHandler
                0x00000000080015dc      0x20c ./Drivers/STM32F1xx_HAL_Driver/Src/stm32f1xx_hal_dma.o
                0x00000000080015dc                HAL_DMA_IRQHandler
 .text.DMA_SetConfig
                0x00000000080017e8       0x5a ./Drivers/STM32F1xx_HAL_Driver/Src/stm32f1xx_hal_dma.o
 *fill*         0x0000000008001842        0x2 
 .text.HAL_GPIO_Init
                0x0000000008001844      0x308 ./Drivers/STM32F1xx_HAL_Driver/Src/stm32f1xx_hal_gpio.o
                0x0000000008001844                HAL_GPIO_Init
 .text.HAL_GPIO_ReadPin
                0x0000000008001b4c       0x2e ./Drivers/STM32F1xx_HAL_Driver/Src/stm32f1xx_hal_gpio.o
                0x0000000008001b4c                HAL_GPIO_ReadPin
 .text.HAL_GPIO_WritePin
                0x0000000008001b7a       0x30 ./Drivers/STM32F1xx_HAL_Driver/Src/stm32f1xx_hal_gpio.o
                0x0000000008001b7a                HAL_GPIO_WritePin
 .text.HAL_PCD_Init
                0x0000000008001baa      0x216 ./Drivers/STM32F1xx_HAL_Driver/Src/stm32f1xx_hal_pcd.o
                0x0000000008001baa                HAL_PCD_Init
 .text.HAL_PCD_Start
                0x0000000008001dc0       0x4c ./Drivers/STM32F1xx_HAL_Driver/Src/stm32f1xx_hal_pcd.o
                0x0000000008001dc0                HAL_PCD_Start
 .text.HAL_PCD_IRQHandler
                0x0000000008001e0c      0x2a6 ./Drivers/STM32F1xx_HAL_Driver/Src/stm32f1xx_hal_pcd.o
                0x0000000008001e0c                HAL_PCD_IRQHandler
 .text.HAL_PCD_SetAddress
                0x00000000080020b2       0x4a ./Drivers/STM32F1xx_HAL_Driver/Src/stm32f1xx_hal_pcd.o
                0x00000000080020b2                HAL_PCD_SetAddress
 .text.HAL_PCD_EP_Open
                0x00000000080020fc       0xcc ./Drivers/STM32F1xx_HAL_Driver/Src/stm32f1xx_hal_pcd.o
                0x00000000080020fc                HAL_PCD_EP_Open
 .text.HAL_PCD_EP_Close
                0x00000000080021c8       0x90 ./Drivers/STM32F1xx_HAL_Driver/Src/stm32f1xx_hal_pcd.o
                0x00000000080021c8                HAL_PCD_EP_Close
 .text.HAL_PCD_EP_Receive
                0x0000000008002258       0x7a ./Drivers/STM32F1xx_HAL_Driver/Src/stm32f1xx_hal_pcd.o
                0x0000000008002258                HAL_PCD_EP_Receive
 .text.HAL_PCD_EP_GetRxCount
                0x00000000080022d2       0x2e ./Drivers/STM32F1xx_HAL_Driver/Src/stm32f1xx_hal_pcd.o
                0x00000000080022d2                HAL_PCD_EP_GetRxCount
 .text.HAL_PCD_EP_Transmit
                0x0000000008002300       0x86 ./Drivers/STM32F1xx_HAL_Driver/Src/stm32f1xx_hal_pcd.o
                0x0000000008002300                HAL_PCD_EP_Transmit
 .text.HAL_PCD_EP_SetStall
                0x0000000008002386       0xc0 ./Drivers/STM32F1xx_HAL_Driver/Src/stm32f1xx_hal_pcd.o
                0x0000000008002386                HAL_PCD_EP_SetStall
 .text.HAL_PCD_EP_ClrStall
                0x0000000008002446       0xa8 ./Drivers/STM32F1xx_HAL_Driver/Src/stm32f1xx_hal_pcd.o
                0x0000000008002446                HAL_PCD_EP_ClrStall
 .text.PCD_EP_ISR_Handler
                0x00000000080024ee      0x600 ./Drivers/STM32F1xx_HAL_Driver/Src/stm32f1xx_hal_pcd.o
 .text.HAL_PCD_EP_DB_Receive
                0x0000000008002aee      0x21a ./Drivers/STM32F1xx_HAL_Driver/Src/stm32f1xx_hal_pcd.o
 .text.HAL_PCD_EP_DB_Transmit
                0x0000000008002d08      0x7a4 ./Drivers/STM32F1xx_HAL_Driver/Src/stm32f1xx_hal_pcd.o
 .text.HAL_PCDEx_PMAConfig
                0x00000000080034ac       0x84 ./Drivers/STM32F1xx_HAL_Driver/Src/stm32f1xx_hal_pcd_ex.o
                0x00000000080034ac                HAL_PCDEx_PMAConfig
 .text.HAL_RCC_OscConfig
                0x0000000008003530      0x504 ./Drivers/STM32F1xx_HAL_Driver/Src/stm32f1xx_hal_rcc.o
                0x0000000008003530                HAL_RCC_OscConfig
 .text.HAL_RCC_ClockConfig
                0x0000000008003a34      0x1d4 ./Drivers/STM32F1xx_HAL_Driver/Src/stm32f1xx_hal_rcc.o
                0x0000000008003a34                HAL_RCC_ClockConfig
 .text.HAL_RCC_GetSysClockFreq
                0x0000000008003c08       0xbc ./Drivers/STM32F1xx_HAL_Driver/Src/stm32f1xx_hal_rcc.o
                0x0000000008003c08                HAL_RCC_GetSysClockFreq
 .text.RCC_Delay
                0x0000000008003cc4       0x3c ./Drivers/STM32F1xx_HAL_Driver/Src/stm32f1xx_hal_rcc.o
 .text.HAL_RCCEx_PeriphCLKConfig
                0x0000000008003d00      0x16c ./Drivers/STM32F1xx_HAL_Driver/Src/stm32f1xx_hal_rcc_ex.o
                0x0000000008003d00                HAL_RCCEx_PeriphCLKConfig
 .text.HAL_TIM_PWM_Init
                0x0000000008003e6c       0x9e ./Drivers/STM32F1xx_HAL_Driver/Src/stm32f1xx_hal_tim.o
                0x0000000008003e6c                HAL_TIM_PWM_Init
 *fill*         0x0000000008003f0a        0x2 
 .text.HAL_TIM_PWM_Start_DMA
                0x0000000008003f0c      0x334 ./Drivers/STM32F1xx_HAL_Driver/Src/stm32f1xx_hal_tim.o
                0x0000000008003f0c                HAL_TIM_PWM_Start_DMA
 .text.HAL_TIM_PWM_Stop_DMA
                0x0000000008004240      0x17c ./Drivers/STM32F1xx_HAL_Driver/Src/stm32f1xx_hal_tim.o
                0x0000000008004240                HAL_TIM_PWM_Stop_DMA
 .text.HAL_TIM_PWM_ConfigChannel
                0x00000000080043bc      0x17c ./Drivers/STM32F1xx_HAL_Driver/Src/stm32f1xx_hal_tim.o
                0x00000000080043bc                HAL_TIM_PWM_ConfigChannel
 .text.HAL_TIM_PWM_PulseFinishedCallback
                0x0000000008004538       0x12 ./Drivers/STM32F1xx_HAL_Driver/Src/stm32f1xx_hal_tim.o
                0x0000000008004538                HAL_TIM_PWM_PulseFinishedCallback
 .text.HAL_TIM_PWM_PulseFinishedHalfCpltCallback
                0x000000000800454a       0x12 ./Drivers/STM32F1xx_HAL_Driver/Src/stm32f1xx_hal_tim.o
                0x000000000800454a                HAL_TIM_PWM_PulseFinishedHalfCpltCallback
 .text.HAL_TIM_ErrorCallback
                0x000000000800455c       0x12 ./Drivers/STM32F1xx_HAL_Driver/Src/stm32f1xx_hal_tim.o
                0x000000000800455c                HAL_TIM_ErrorCallback
 .text.TIM_DMAError
                0x000000000800456e       0x92 ./Drivers/STM32F1xx_HAL_Driver/Src/stm32f1xx_hal_tim.o
                0x000000000800456e                TIM_DMAError
 .text.TIM_DMADelayPulseCplt
                0x0000000008004600       0xa8 ./Drivers/STM32F1xx_HAL_Driver/Src/stm32f1xx_hal_tim.o
 .text.TIM_DMADelayPulseHalfCplt
                0x00000000080046a8       0x68 ./Drivers/STM32F1xx_HAL_Driver/Src/stm32f1xx_hal_tim.o
                0x00000000080046a8                TIM_DMADelayPulseHalfCplt
 .text.TIM_Base_SetConfig
                0x0000000008004710       0xc4 ./Drivers/STM32F1xx_HAL_Driver/Src/stm32f1xx_hal_tim.o
                0x0000000008004710                TIM_Base_SetConfig
 .text.TIM_OC1_SetConfig
                0x00000000080047d4       0xcc ./Drivers/STM32F1xx_HAL_Driver/Src/stm32f1xx_hal_tim.o
 .text.TIM_OC2_SetConfig
                0x00000000080048a0       0xd4 ./Drivers/STM32F1xx_HAL_Driver/Src/stm32f1xx_hal_tim.o
                0x00000000080048a0                TIM_OC2_SetConfig
 .text.TIM_OC3_SetConfig
                0x0000000008004974       0xd4 ./Drivers/STM32F1xx_HAL_Driver/Src/stm32f1xx_hal_tim.o
 .text.TIM_OC4_SetConfig
                0x0000000008004a48       0x9c ./Drivers/STM32F1xx_HAL_Driver/Src/stm32f1xx_hal_tim.o
 .text.TIM_CCxChannelCmd
                0x0000000008004ae4       0x48 ./Drivers/STM32F1xx_HAL_Driver/Src/stm32f1xx_hal_tim.o
                0x0000000008004ae4                TIM_CCxChannelCmd
 .text.HAL_TIMEx_MasterConfigSynchronization
                0x0000000008004b2c       0xbc ./Drivers/STM32F1xx_HAL_Driver/Src/stm32f1xx_hal_tim_ex.o
                0x0000000008004b2c                HAL_TIMEx_MasterConfigSynchronization
 .text.HAL_TIMEx_ConfigBreakDeadTime
                0x0000000008004be8       0xa2 ./Drivers/STM32F1xx_HAL_Driver/Src/stm32f1xx_hal_tim_ex.o
                0x0000000008004be8                HAL_TIMEx_ConfigBreakDeadTime
 .text.USB_CoreInit
                0x0000000008004c8a       0x20 ./Drivers/STM32F1xx_HAL_Driver/Src/stm32f1xx_ll_usb.o
                0x0000000008004c8a                USB_CoreInit
 .text.USB_EnableGlobalInt
                0x0000000008004caa       0x2c ./Drivers/STM32F1xx_HAL_Driver/Src/stm32f1xx_ll_usb.o
                0x0000000008004caa                USB_EnableGlobalInt
 .text.USB_DisableGlobalInt
                0x0000000008004cd6       0x34 ./Drivers/STM32F1xx_HAL_Driver/Src/stm32f1xx_ll_usb.o
                0x0000000008004cd6                USB_DisableGlobalInt
 .text.USB_SetCurrentMode
                0x0000000008004d0a       0x18 ./Drivers/STM32F1xx_HAL_Driver/Src/stm32f1xx_ll_usb.o
                0x0000000008004d0a                USB_SetCurrentMode
 .text.USB_DevInit
                0x0000000008004d22       0x40 ./Drivers/STM32F1xx_HAL_Driver/Src/stm32f1xx_ll_usb.o
                0x0000000008004d22                USB_DevInit
 *fill*         0x0000000008004d62        0x2 
 .text.USB_ActivateEndpoint
                0x0000000008004d64      0x6d4 ./Drivers/STM32F1xx_HAL_Driver/Src/stm32f1xx_ll_usb.o
                0x0000000008004d64                USB_ActivateEndpoint
 .text.USB_DeactivateEndpoint
                0x0000000008005438      0x3d8 ./Drivers/STM32F1xx_HAL_Driver/Src/stm32f1xx_ll_usb.o
                0x0000000008005438                USB_DeactivateEndpoint
 .text.USB_EPStartXfer
                0x0000000008005810     0x1c70 ./Drivers/STM32F1xx_HAL_Driver/Src/stm32f1xx_ll_usb.o
                0x0000000008005810                USB_EPStartXfer
 .text.USB_EPSetStall
                0x0000000008007480       0xa0 ./Drivers/STM32F1xx_HAL_Driver/Src/stm32f1xx_ll_usb.o
                0x0000000008007480                USB_EPSetStall
 .text.USB_EPClearStall
                0x0000000008007520      0x15a ./Drivers/STM32F1xx_HAL_Driver/Src/stm32f1xx_ll_usb.o
                0x0000000008007520                USB_EPClearStall
 .text.USB_SetDevAddress
                0x000000000800767a       0x26 ./Drivers/STM32F1xx_HAL_Driver/Src/stm32f1xx_ll_usb.o
                0x000000000800767a                USB_SetDevAddress
 .text.USB_DevConnect
                0x00000000080076a0       0x14 ./Drivers/STM32F1xx_HAL_Driver/Src/stm32f1xx_ll_usb.o
                0x00000000080076a0                USB_DevConnect
 .text.USB_DevDisconnect
                0x00000000080076b4       0x14 ./Drivers/STM32F1xx_HAL_Driver/Src/stm32f1xx_ll_usb.o
                0x00000000080076b4                USB_DevDisconnect
 .text.USB_ReadInterrupts
                0x00000000080076c8       0x1e ./Drivers/STM32F1xx_HAL_Driver/Src/stm32f1xx_ll_usb.o
                0x00000000080076c8                USB_ReadInterrupts
 .text.USB_EP0_OutStart
                0x00000000080076e6       0x16 ./Drivers/STM32F1xx_HAL_Driver/Src/stm32f1xx_ll_usb.o
                0x00000000080076e6                USB_EP0_OutStart
 .text.USB_WritePMA
                0x00000000080076fc       0x8a ./Drivers/STM32F1xx_HAL_Driver/Src/stm32f1xx_ll_usb.o
                0x00000000080076fc                USB_WritePMA
 .text.USB_ReadPMA
                0x0000000008007786       0x9e ./Drivers/STM32F1xx_HAL_Driver/Src/stm32f1xx_ll_usb.o
                0x0000000008007786                USB_ReadPMA
 .text.USBD_CDC_Init
                0x0000000008007824       0xf4 ./Middlewares/ST/STM32_USB_Device_Library/Class/CDC/Src/usbd_cdc.o
 .text.USBD_CDC_DeInit
                0x0000000008007918       0x6e ./Middlewares/ST/STM32_USB_Device_Library/Class/CDC/Src/usbd_cdc.o
 .text.USBD_CDC_Setup
                0x0000000008007986      0x146 ./Middlewares/ST/STM32_USB_Device_Library/Class/CDC/Src/usbd_cdc.o
 .text.USBD_CDC_DataIn
                0x0000000008007acc       0xa6 ./Middlewares/ST/STM32_USB_Device_Library/Class/CDC/Src/usbd_cdc.o
 .text.USBD_CDC_DataOut
                0x0000000008007b72       0x56 ./Middlewares/ST/STM32_USB_Device_Library/Class/CDC/Src/usbd_cdc.o
 .text.USBD_CDC_EP0_RxReady
                0x0000000008007bc8       0x50 ./Middlewares/ST/STM32_USB_Device_Library/Class/CDC/Src/usbd_cdc.o
 .text.USBD_CDC_GetFSCfgDesc
                0x0000000008007c18       0x20 ./Middlewares/ST/STM32_USB_Device_Library/Class/CDC/Src/usbd_cdc.o
 .text.USBD_CDC_GetHSCfgDesc
                0x0000000008007c38       0x20 ./Middlewares/ST/STM32_USB_Device_Library/Class/CDC/Src/usbd_cdc.o
 .text.USBD_CDC_GetOtherSpeedCfgDesc
                0x0000000008007c58       0x20 ./Middlewares/ST/STM32_USB_Device_Library/Class/CDC/Src/usbd_cdc.o
 .text.USBD_CDC_GetDeviceQualifierDescriptor
                0x0000000008007c78       0x20 ./Middlewares/ST/STM32_USB_Device_Library/Class/CDC/Src/usbd_cdc.o
                0x0000000008007c78                USBD_CDC_GetDeviceQualifierDescriptor
 .text.USBD_CDC_RegisterInterface
                0x0000000008007c98       0x2c ./Middlewares/ST/STM32_USB_Device_Library/Class/CDC/Src/usbd_cdc.o
                0x0000000008007c98                USBD_CDC_RegisterInterface
 .text.USBD_CDC_SetTxBuffer
                0x0000000008007cc4       0x32 ./Middlewares/ST/STM32_USB_Device_Library/Class/CDC/Src/usbd_cdc.o
                0x0000000008007cc4                USBD_CDC_SetTxBuffer
 .text.USBD_CDC_SetRxBuffer
                0x0000000008007cf6       0x26 ./Middlewares/ST/STM32_USB_Device_Library/Class/CDC/Src/usbd_cdc.o
                0x0000000008007cf6                USBD_CDC_SetRxBuffer
 .text.USBD_CDC_ReceivePacket
                0x0000000008007d1c       0x54 ./Middlewares/ST/STM32_USB_Device_Library/Class/CDC/Src/usbd_cdc.o
                0x0000000008007d1c                USBD_CDC_ReceivePacket
 .text.USBD_Init
                0x0000000008007d70       0x56 ./Middlewares/ST/STM32_USB_Device_Library/Core/Src/usbd_core.o
                0x0000000008007d70                USBD_Init
 .text.USBD_RegisterClass
                0x0000000008007dc6       0x32 ./Middlewares/ST/STM32_USB_Device_Library/Core/Src/usbd_core.o
                0x0000000008007dc6                USBD_RegisterClass
 .text.USBD_Start
                0x0000000008007df8       0x18 ./Middlewares/ST/STM32_USB_Device_Library/Core/Src/usbd_core.o
                0x0000000008007df8                USBD_Start
 .text.USBD_RunTestMode
                0x0000000008007e10       0x14 ./Middlewares/ST/STM32_USB_Device_Library/Core/Src/usbd_core.o
                0x0000000008007e10                USBD_RunTestMode
 .text.USBD_SetClassConfig
                0x0000000008007e24       0x3e ./Middlewares/ST/STM32_USB_Device_Library/Core/Src/usbd_core.o
                0x0000000008007e24                USBD_SetClassConfig
 .text.USBD_ClrClassConfig
                0x0000000008007e62       0x26 ./Middlewares/ST/STM32_USB_Device_Library/Core/Src/usbd_core.o
                0x0000000008007e62                USBD_ClrClassConfig
 .text.USBD_LL_SetupStage
                0x0000000008007e88       0x9a ./Middlewares/ST/STM32_USB_Device_Library/Core/Src/usbd_core.o
                0x0000000008007e88                USBD_LL_SetupStage
 .text.USBD_LL_DataOutStage
                0x0000000008007f22       0xe2 ./Middlewares/ST/STM32_USB_Device_Library/Core/Src/usbd_core.o
                0x0000000008007f22                USBD_LL_DataOutStage
 .text.USBD_LL_DataInStage
                0x0000000008008004      0x14a ./Middlewares/ST/STM32_USB_Device_Library/Core/Src/usbd_core.o
                0x0000000008008004                USBD_LL_DataInStage
 .text.USBD_LL_Reset
                0x000000000800814e       0x82 ./Middlewares/ST/STM32_USB_Device_Library/Core/Src/usbd_core.o
                0x000000000800814e                USBD_LL_Reset
 .text.USBD_LL_SetSpeed
                0x00000000080081d0       0x1e ./Middlewares/ST/STM32_USB_Device_Library/Core/Src/usbd_core.o
                0x00000000080081d0                USBD_LL_SetSpeed
 .text.USBD_LL_Suspend
                0x00000000080081ee       0x28 ./Middlewares/ST/STM32_USB_Device_Library/Core/Src/usbd_core.o
                0x00000000080081ee                USBD_LL_Suspend
 .text.USBD_LL_Resume
                0x0000000008008216       0x2a ./Middlewares/ST/STM32_USB_Device_Library/Core/Src/usbd_core.o
                0x0000000008008216                USBD_LL_Resume
 .text.USBD_LL_SOF
                0x0000000008008240       0x34 ./Middlewares/ST/STM32_USB_Device_Library/Core/Src/usbd_core.o
                0x0000000008008240                USBD_LL_SOF
 .text.USBD_StdDevReq
                0x0000000008008274       0xd4 ./Middlewares/ST/STM32_USB_Device_Library/Core/Src/usbd_ctlreq.o
                0x0000000008008274                USBD_StdDevReq
 .text.USBD_StdItfReq
                0x0000000008008348       0x90 ./Middlewares/ST/STM32_USB_Device_Library/Core/Src/usbd_ctlreq.o
                0x0000000008008348                USBD_StdItfReq
 .text.USBD_StdEPReq
                0x00000000080083d8      0x2c6 ./Middlewares/ST/STM32_USB_Device_Library/Core/Src/usbd_ctlreq.o
                0x00000000080083d8                USBD_StdEPReq
 *fill*         0x000000000800869e        0x2 
 .text.USBD_GetDescriptor
                0x00000000080086a0      0x2d0 ./Middlewares/ST/STM32_USB_Device_Library/Core/Src/usbd_ctlreq.o
 .text.USBD_SetAddress
                0x0000000008008970       0x86 ./Middlewares/ST/STM32_USB_Device_Library/Core/Src/usbd_ctlreq.o
 *fill*         0x00000000080089f6        0x2 
 .text.USBD_SetConfig
                0x00000000080089f8      0x11c ./Middlewares/ST/STM32_USB_Device_Library/Core/Src/usbd_ctlreq.o
 .text.USBD_GetConfig
                0x0000000008008b14       0x6a ./Middlewares/ST/STM32_USB_Device_Library/Core/Src/usbd_ctlreq.o
 .text.USBD_GetStatus
                0x0000000008008b7e       0x66 ./Middlewares/ST/STM32_USB_Device_Library/Core/Src/usbd_ctlreq.o
 .text.USBD_SetFeature
                0x0000000008008be4       0x28 ./Middlewares/ST/STM32_USB_Device_Library/Core/Src/usbd_ctlreq.o
 .text.USBD_ClrFeature
                0x0000000008008c0c       0x42 ./Middlewares/ST/STM32_USB_Device_Library/Core/Src/usbd_ctlreq.o
 .text.USBD_ParseSetupRequest
                0x0000000008008c4e       0x78 ./Middlewares/ST/STM32_USB_Device_Library/Core/Src/usbd_ctlreq.o
                0x0000000008008c4e                USBD_ParseSetupRequest
 .text.USBD_CtlError
                0x0000000008008cc6       0x22 ./Middlewares/ST/STM32_USB_Device_Library/Core/Src/usbd_ctlreq.o
                0x0000000008008cc6                USBD_CtlError
 .text.USBD_GetString
                0x0000000008008ce8       0x84 ./Middlewares/ST/STM32_USB_Device_Library/Core/Src/usbd_ctlreq.o
                0x0000000008008ce8                USBD_GetString
 .text.USBD_GetLen
                0x0000000008008d6c       0x2e ./Middlewares/ST/STM32_USB_Device_Library/Core/Src/usbd_ctlreq.o
 .text.USBD_CtlSendData
                0x0000000008008d9a       0x38 ./Middlewares/ST/STM32_USB_Device_Library/Core/Src/usbd_ioreq.o
                0x0000000008008d9a                USBD_CtlSendData
 .text.USBD_CtlContinueSendData
                0x0000000008008dd2       0x24 ./Middlewares/ST/STM32_USB_Device_Library/Core/Src/usbd_ioreq.o
                0x0000000008008dd2                USBD_CtlContinueSendData
 .text.USBD_CtlPrepareRx
                0x0000000008008df6       0x3c ./Middlewares/ST/STM32_USB_Device_Library/Core/Src/usbd_ioreq.o
                0x0000000008008df6                USBD_CtlPrepareRx
 .text.USBD_CtlContinueRx
                0x0000000008008e32       0x24 ./Middlewares/ST/STM32_USB_Device_Library/Core/Src/usbd_ioreq.o
                0x0000000008008e32                USBD_CtlContinueRx
 .text.USBD_CtlSendStatus
                0x0000000008008e56       0x26 ./Middlewares/ST/STM32_USB_Device_Library/Core/Src/usbd_ioreq.o
                0x0000000008008e56                USBD_CtlSendStatus
 .text.USBD_CtlReceiveStatus
                0x0000000008008e7c       0x26 ./Middlewares/ST/STM32_USB_Device_Library/Core/Src/usbd_ioreq.o
                0x0000000008008e7c                USBD_CtlReceiveStatus
 *fill*         0x0000000008008ea2        0x2 
 .text.MX_USB_DEVICE_Init
                0x0000000008008ea4       0x60 ./USB_DEVICE/App/usb_device.o
                0x0000000008008ea4                MX_USB_DEVICE_Init
 .text.CDC_Init_FS
                0x0000000008008f04       0x28 ./USB_DEVICE/App/usbd_cdc_if.o
 .text.CDC_DeInit_FS
                0x0000000008008f2c        0xe ./USB_DEVICE/App/usbd_cdc_if.o
 *fill*         0x0000000008008f3a        0x2 
 .text.CDC_Control_FS
                0x0000000008008f3c       0xbc ./USB_DEVICE/App/usbd_cdc_if.o
 .text.CDC_Receive_FS
                0x0000000008008ff8       0x28 ./USB_DEVICE/App/usbd_cdc_if.o
 .text.USBD_FS_DeviceDescriptor
                0x0000000008009020       0x24 ./USB_DEVICE/App/usbd_desc.o
                0x0000000008009020                USBD_FS_DeviceDescriptor
 .text.USBD_FS_LangIDStrDescriptor
                0x0000000008009044       0x24 ./USB_DEVICE/App/usbd_desc.o
                0x0000000008009044                USBD_FS_LangIDStrDescriptor
 .text.USBD_FS_ProductStrDescriptor
                0x0000000008009068       0x3c ./USB_DEVICE/App/usbd_desc.o
                0x0000000008009068                USBD_FS_ProductStrDescriptor
 .text.USBD_FS_ManufacturerStrDescriptor
                0x00000000080090a4       0x28 ./USB_DEVICE/App/usbd_desc.o
                0x00000000080090a4                USBD_FS_ManufacturerStrDescriptor
 .text.USBD_FS_SerialStrDescriptor
                0x00000000080090cc       0x24 ./USB_DEVICE/App/usbd_desc.o
                0x00000000080090cc                USBD_FS_SerialStrDescriptor
 .text.USBD_FS_ConfigStrDescriptor
                0x00000000080090f0       0x3c ./USB_DEVICE/App/usbd_desc.o
                0x00000000080090f0                USBD_FS_ConfigStrDescriptor
 .text.USBD_FS_InterfaceStrDescriptor
                0x000000000800912c       0x3c ./USB_DEVICE/App/usbd_desc.o
                0x000000000800912c                USBD_FS_InterfaceStrDescriptor
 .text.Get_SerialNum
                0x0000000008009168       0x58 ./USB_DEVICE/App/usbd_desc.o
 .text.IntToUnicode
                0x00000000080091c0       0x7c ./USB_DEVICE/App/usbd_desc.o
 .text.HAL_PCD_MspInit
                0x000000000800923c       0x4c ./USB_DEVICE/Target/usbd_conf.o
                0x000000000800923c                HAL_PCD_MspInit
 .text.HAL_PCD_SetupStageCallback
                0x0000000008009288       0x24 ./USB_DEVICE/Target/usbd_conf.o
                0x0000000008009288                HAL_PCD_SetupStageCallback
 .text.HAL_PCD_DataOutStageCallback
                0x00000000080092ac       0x36 ./USB_DEVICE/Target/usbd_conf.o
                0x00000000080092ac                HAL_PCD_DataOutStageCallback
 .text.HAL_PCD_DataInStageCallback
                0x00000000080092e2       0x34 ./USB_DEVICE/Target/usbd_conf.o
                0x00000000080092e2                HAL_PCD_DataInStageCallback
 .text.HAL_PCD_SOFCallback
                0x0000000008009316       0x1c ./USB_DEVICE/Target/usbd_conf.o
                0x0000000008009316                HAL_PCD_SOFCallback
 .text.HAL_PCD_ResetCallback
                0x0000000008009332       0x3c ./USB_DEVICE/Target/usbd_conf.o
                0x0000000008009332                HAL_PCD_ResetCallback
 *fill*         0x000000000800936e        0x2 
 .text.HAL_PCD_SuspendCallback
                0x0000000008009370       0x34 ./USB_DEVICE/Target/usbd_conf.o
                0x0000000008009370                HAL_PCD_SuspendCallback
 .text.HAL_PCD_ResumeCallback
                0x00000000080093a4       0x1c ./USB_DEVICE/Target/usbd_conf.o
                0x00000000080093a4                HAL_PCD_ResumeCallback
 .text.USBD_LL_Init
                0x00000000080093c0       0xb4 ./USB_DEVICE/Target/usbd_conf.o
                0x00000000080093c0                USBD_LL_Init
 .text.USBD_LL_Start
                0x0000000008009474       0x36 ./USB_DEVICE/Target/usbd_conf.o
                0x0000000008009474                USBD_LL_Start
 .text.USBD_LL_OpenEP
                0x00000000080094aa       0x4c ./USB_DEVICE/Target/usbd_conf.o
                0x00000000080094aa                USBD_LL_OpenEP
 .text.USBD_LL_CloseEP
                0x00000000080094f6       0x3e ./USB_DEVICE/Target/usbd_conf.o
                0x00000000080094f6                USBD_LL_CloseEP
 .text.USBD_LL_StallEP
                0x0000000008009534       0x3e ./USB_DEVICE/Target/usbd_conf.o
                0x0000000008009534                USBD_LL_StallEP
 .text.USBD_LL_ClearStallEP
                0x0000000008009572       0x3e ./USB_DEVICE/Target/usbd_conf.o
                0x0000000008009572                USBD_LL_ClearStallEP
 .text.USBD_LL_IsStallEP
                0x00000000080095b0       0x58 ./USB_DEVICE/Target/usbd_conf.o
                0x00000000080095b0                USBD_LL_IsStallEP
 .text.USBD_LL_SetUSBAddress
                0x0000000008009608       0x3e ./USB_DEVICE/Target/usbd_conf.o
                0x0000000008009608                USBD_LL_SetUSBAddress
 .text.USBD_LL_Transmit
                0x0000000008009646       0x46 ./USB_DEVICE/Target/usbd_conf.o
                0x0000000008009646                USBD_LL_Transmit
 .text.USBD_LL_PrepareReceive
                0x000000000800968c       0x46 ./USB_DEVICE/Target/usbd_conf.o
                0x000000000800968c                USBD_LL_PrepareReceive
 .text.USBD_LL_GetRxDataSize
                0x00000000080096d2       0x26 ./USB_DEVICE/Target/usbd_conf.o
                0x00000000080096d2                USBD_LL_GetRxDataSize
 .text.USBD_static_malloc
                0x00000000080096f8       0x18 ./USB_DEVICE/Target/usbd_conf.o
                0x00000000080096f8                USBD_static_malloc
 .text.USBD_static_free
                0x0000000008009710       0x12 ./USB_DEVICE/Target/usbd_conf.o
                0x0000000008009710                USBD_static_free
 .text.HAL_PCDEx_SetConnectionState
                0x0000000008009722       0x16 ./USB_DEVICE/Target/usbd_conf.o
                0x0000000008009722                HAL_PCDEx_SetConnectionState
 .text.USBD_Get_USB_Status
                0x0000000008009738       0x58 ./USB_DEVICE/Target/usbd_conf.o
 .text.__libc_init_array
                0x0000000008009790       0x48 c:/st/stm32cubeide_1.6.0/stm32cubeide/plugins/com.st.stm32cube.ide.mcu.externaltools.gnu-tools-for-stm32.10.3-2021.10.win32_1.0.0.202111181127/tools/bin/../lib/gcc/arm-none-eabi/10.3.1/../../../../arm-none-eabi/lib/thumb/v7-m/nofp\libc_nano.a(lib_a-init.o)
                0x0000000008009790                __libc_init_array
 .text.memset   0x00000000080097d8       0x10 c:/st/stm32cubeide_1.6.0/stm32cubeide/plugins/com.st.stm32cube.ide.mcu.externaltools.gnu-tools-for-stm32.10.3-2021.10.win32_1.0.0.202111181127/tools/bin/../lib/gcc/arm-none-eabi/10.3.1/../../../../arm-none-eabi/lib/thumb/v7-m/nofp\libc_nano.a(lib_a-memset.o)
                0x00000000080097d8                memset
 *(.glue_7)
 .glue_7        0x00000000080097e8        0x0 linker stubs
 *(.glue_7t)
 .glue_7t       0x00000000080097e8        0x0 linker stubs
 *(.eh_frame)
 .eh_frame      0x00000000080097e8        0x0 c:/st/stm32cubeide_1.6.0/stm32cubeide/plugins/com.st.stm32cube.ide.mcu.externaltools.gnu-tools-for-stm32.10.3-2021.10.win32_1.0.0.202111181127/tools/bin/../lib/gcc/arm-none-eabi/10.3.1/thumb/v7-m/nofp/crtbegin.o
 *(.init)
 .init          0x00000000080097e8        0x4 c:/st/stm32cubeide_1.6.0/stm32cubeide/plugins/com.st.stm32cube.ide.mcu.externaltools.gnu-tools-for-stm32.10.3-2021.10.win32_1.0.0.202111181127/tools/bin/../lib/gcc/arm-none-eabi/10.3.1/thumb/v7-m/nofp/crti.o
                0x00000000080097e8                _init
 .init          0x00000000080097ec        0x8 c:/st/stm32cubeide_1.6.0/stm32cubeide/plugins/com.st.stm32cube.ide.mcu.externaltools.gnu-tools-for-stm32.10.3-2021.10.win32_1.0.0.202111181127/tools/bin/../lib/gcc/arm-none-eabi/10.3.1/thumb/v7-m/nofp/crtn.o
 *(.fini)
 .fini          0x00000000080097f4        0x4 c:/st/stm32cubeide_1.6.0/stm32cubeide/plugins/com.st.stm32cube.ide.mcu.externaltools.gnu-tools-for-stm32.10.3-2021.10.win32_1.0.0.202111181127/tools/bin/../lib/gcc/arm-none-eabi/10.3.1/thumb/v7-m/nofp/crti.o
                0x00000000080097f4                _fini
 .fini          0x00000000080097f8        0x8 c:/st/stm32cubeide_1.6.0/stm32cubeide/plugins/com.st.stm32cube.ide.mcu.externaltools.gnu-tools-for-stm32.10.3-2021.10.win32_1.0.0.202111181127/tools/bin/../lib/gcc/arm-none-eabi/10.3.1/thumb/v7-m/nofp/crtn.o
                0x0000000008009800                . = ALIGN (0x4)
                0x0000000008009800                _etext = .

.vfp11_veneer   0x0000000008009800        0x0
 .vfp11_veneer  0x0000000008009800        0x0 linker stubs

.v4_bx          0x0000000008009800        0x0
 .v4_bx         0x0000000008009800        0x0 linker stubs

.iplt           0x0000000008009800        0x0
 .iplt          0x0000000008009800        0x0 c:/st/stm32cubeide_1.6.0/stm32cubeide/plugins/com.st.stm32cube.ide.mcu.externaltools.gnu-tools-for-stm32.10.3-2021.10.win32_1.0.0.202111181127/tools/bin/../lib/gcc/arm-none-eabi/10.3.1/thumb/v7-m/nofp/crtbegin.o

.rodata         0x0000000008009800       0x70
                0x0000000008009800                . = ALIGN (0x4)
 *(.rodata)
 .rodata        0x0000000008009800        0x7 ./Core/Src/main.o
 *fill*         0x0000000008009807        0x1 
 .rodata        0x0000000008009808       0x10 ./Drivers/STM32F1xx_HAL_Driver/Src/stm32f1xx_hal_rcc.o
 .rodata        0x0000000008009818       0x46 ./USB_DEVICE/App/usbd_desc.o
 *(.rodata*)
 *fill*         0x000000000800985e        0x2 
 .rodata.AHBPrescTable
                0x0000000008009860       0x10 ./Core/Src/system_stm32f1xx.o
                0x0000000008009860                AHBPrescTable
                0x0000000008009870                . = ALIGN (0x4)

.rel.dyn        0x0000000008009870        0x0
 .rel.iplt      0x0000000008009870        0x0 c:/st/stm32cubeide_1.6.0/stm32cubeide/plugins/com.st.stm32cube.ide.mcu.externaltools.gnu-tools-for-stm32.10.3-2021.10.win32_1.0.0.202111181127/tools/bin/../lib/gcc/arm-none-eabi/10.3.1/thumb/v7-m/nofp/crtbegin.o

.ARM.extab      0x0000000008009870        0x0
                0x0000000008009870                . = ALIGN (0x4)
 *(.ARM.extab* .gnu.linkonce.armextab.*)
                0x0000000008009870                . = ALIGN (0x4)

.ARM            0x0000000008009870        0x0
                0x0000000008009870                . = ALIGN (0x4)
                0x0000000008009870                __exidx_start = .
 *(.ARM.exidx*)
                0x0000000008009870                __exidx_end = .
                0x0000000008009870                . = ALIGN (0x4)

.preinit_array  0x0000000008009870        0x0
                0x0000000008009870                . = ALIGN (0x4)
                0x0000000008009870                PROVIDE (__preinit_array_start = .)
 *(.preinit_array*)
                0x0000000008009870                PROVIDE (__preinit_array_end = .)
                0x0000000008009870                . = ALIGN (0x4)

.init_array     0x0000000008009870        0x4
                0x0000000008009870                . = ALIGN (0x4)
                0x0000000008009870                PROVIDE (__init_array_start = .)
 *(SORT_BY_NAME(.init_array.*))
 *(.init_array*)
 .init_array    0x0000000008009870        0x4 c:/st/stm32cubeide_1.6.0/stm32cubeide/plugins/com.st.stm32cube.ide.mcu.externaltools.gnu-tools-for-stm32.10.3-2021.10.win32_1.0.0.202111181127/tools/bin/../lib/gcc/arm-none-eabi/10.3.1/thumb/v7-m/nofp/crtbegin.o
                0x0000000008009874                PROVIDE (__init_array_end = .)
                0x0000000008009874                . = ALIGN (0x4)

.fini_array     0x0000000008009874        0x4
                0x0000000008009874                . = ALIGN (0x4)
                [!provide]                        PROVIDE (__fini_array_start = .)
 *(SORT_BY_NAME(.fini_array.*))
 *(.fini_array*)
 .fini_array    0x0000000008009874        0x4 c:/st/stm32cubeide_1.6.0/stm32cubeide/plugins/com.st.stm32cube.ide.mcu.externaltools.gnu-tools-for-stm32.10.3-2021.10.win32_1.0.0.202111181127/tools/bin/../lib/gcc/arm-none-eabi/10.3.1/thumb/v7-m/nofp/crtbegin.o
                [!provide]                        PROVIDE (__fini_array_end = .)
                0x0000000008009878                . = ALIGN (0x4)
                0x0000000008009878                _sidata = LOADADDR (.data)

.data           0x0000000020000000      0x17c load address 0x0000000008009878
                0x0000000020000000                . = ALIGN (0x4)
                0x0000000020000000                _sdata = .
 *(.data)
 *(.data*)
 .data.SystemCoreClock
                0x0000000020000000        0x4 ./Core/Src/system_stm32f1xx.o
                0x0000000020000000                SystemCoreClock
 .data.uwTickPrio
                0x0000000020000004        0x4 ./Drivers/STM32F1xx_HAL_Driver/Src/stm32f1xx_hal.o
                0x0000000020000004                uwTickPrio
 .data.uwTickFreq
                0x0000000020000008        0x1 ./Drivers/STM32F1xx_HAL_Driver/Src/stm32f1xx_hal.o
                0x0000000020000008                uwTickFreq
 *fill*         0x0000000020000009        0x3 
 .data.USBD_CDC_DeviceQualifierDesc
                0x000000002000000c        0xa ./Middlewares/ST/STM32_USB_Device_Library/Class/CDC/Src/usbd_cdc.o
 *fill*         0x0000000020000016        0x2 
 .data.USBD_CDC
                0x0000000020000018       0x38 ./Middlewares/ST/STM32_USB_Device_Library/Class/CDC/Src/usbd_cdc.o
                0x0000000020000018                USBD_CDC
 .data.USBD_CDC_CfgHSDesc
                0x0000000020000050       0x43 ./Middlewares/ST/STM32_USB_Device_Library/Class/CDC/Src/usbd_cdc.o
                0x0000000020000050                USBD_CDC_CfgHSDesc
 *fill*         0x0000000020000093        0x1 
 .data.USBD_CDC_CfgFSDesc
                0x0000000020000094       0x43 ./Middlewares/ST/STM32_USB_Device_Library/Class/CDC/Src/usbd_cdc.o
                0x0000000020000094                USBD_CDC_CfgFSDesc
 *fill*         0x00000000200000d7        0x1 
 .data.USBD_CDC_OtherSpeedCfgDesc
                0x00000000200000d8       0x43 ./Middlewares/ST/STM32_USB_Device_Library/Class/CDC/Src/usbd_cdc.o
                0x00000000200000d8                USBD_CDC_OtherSpeedCfgDesc
 *fill*         0x000000002000011b        0x1 
 .data.USBD_Interface_fops_FS
                0x000000002000011c       0x10 ./USB_DEVICE/App/usbd_cdc_if.o
                0x000000002000011c                USBD_Interface_fops_FS
 .data.FS_Desc  0x000000002000012c       0x1c ./USB_DEVICE/App/usbd_desc.o
                0x000000002000012c                FS_Desc
 .data.USBD_FS_DeviceDesc
                0x0000000020000148       0x12 ./USB_DEVICE/App/usbd_desc.o
                0x0000000020000148                USBD_FS_DeviceDesc
 *fill*         0x000000002000015a        0x2 
 .data.USBD_LangIDDesc
                0x000000002000015c        0x4 ./USB_DEVICE/App/usbd_desc.o
                0x000000002000015c                USBD_LangIDDesc
 .data.USBD_StringSerial
                0x0000000020000160       0x1a ./USB_DEVICE/App/usbd_desc.o
                0x0000000020000160                USBD_StringSerial
 *(.RamFunc)
 *(.RamFunc*)
                0x000000002000017c                . = ALIGN (0x4)
 *fill*         0x000000002000017a        0x2 
                0x000000002000017c                _edata = .

.igot.plt       0x000000002000017c        0x0 load address 0x00000000080099f4
 .igot.plt      0x000000002000017c        0x0 c:/st/stm32cubeide_1.6.0/stm32cubeide/plugins/com.st.stm32cube.ide.mcu.externaltools.gnu-tools-for-stm32.10.3-2021.10.win32_1.0.0.202111181127/tools/bin/../lib/gcc/arm-none-eabi/10.3.1/thumb/v7-m/nofp/crtbegin.o
                0x000000002000017c                . = ALIGN (0x4)

.bss            0x000000002000017c     0x1478 load address 0x00000000080099f4
                0x000000002000017c                _sbss = .
                0x000000002000017c                __bss_start__ = _sbss
 *(.bss)
 .bss           0x000000002000017c       0x1c c:/st/stm32cubeide_1.6.0/stm32cubeide/plugins/com.st.stm32cube.ide.mcu.externaltools.gnu-tools-for-stm32.10.3-2021.10.win32_1.0.0.202111181127/tools/bin/../lib/gcc/arm-none-eabi/10.3.1/thumb/v7-m/nofp/crtbegin.o
 *(.bss*)
 .bss.htim1     0x0000000020000198       0x48 ./Core/Src/main.o
                0x0000000020000198                htim1
 .bss.htim2     0x00000000200001e0       0x48 ./Core/Src/main.o
                0x00000000200001e0                htim2
 .bss.htim4     0x0000000020000228       0x48 ./Core/Src/main.o
                0x0000000020000228                htim4
 .bss.hdma_tim1_ch1
                0x0000000020000270       0x44 ./Core/Src/main.o
                0x0000000020000270                hdma_tim1_ch1
 .bss.hdma_tim1_ch2
                0x00000000200002b4       0x44 ./Core/Src/main.o
                0x00000000200002b4                hdma_tim1_ch2
 .bss.hdma_tim1_ch3
                0x00000000200002f8       0x44 ./Core/Src/main.o
                0x00000000200002f8                hdma_tim1_ch3
 .bss.hdma_tim2_ch1
                0x000000002000033c       0x44 ./Core/Src/main.o
                0x000000002000033c                hdma_tim2_ch1
 .bss.hdma_tim2_ch2_ch4
                0x0000000020000380       0x44 ./Core/Src/main.o
                0x0000000020000380                hdma_tim2_ch2_ch4
 .bss.hdma_tim2_ch3
                0x00000000200003c4       0x44 ./Core/Src/main.o
                0x00000000200003c4                hdma_tim2_ch3
 .bss.hdma_tim4_ch2
                0x0000000020000408       0x44 ./Core/Src/main.o
                0x0000000020000408                hdma_tim4_ch2
 .bss.uwTick    0x000000002000044c        0x4 ./Drivers/STM32F1xx_HAL_Driver/Src/stm32f1xx_hal.o
                0x000000002000044c                uwTick
 .bss.cfgidx.0  0x0000000020000450        0x1 ./Middlewares/ST/STM32_USB_Device_Library/Core/Src/usbd_ctlreq.o
 *fill*         0x0000000020000451        0x3 
 .bss.hUsbDeviceFS
                0x0000000020000454      0x2c4 ./USB_DEVICE/App/usb_device.o
                0x0000000020000454                hUsbDeviceFS
 .bss.UserRxBufferFS
                0x0000000020000718      0x3e8 ./USB_DEVICE/App/usbd_cdc_if.o
                0x0000000020000718                UserRxBufferFS
 .bss.UserTxBufferFS
                0x0000000020000b00      0x3e8 ./USB_DEVICE/App/usbd_cdc_if.o
                0x0000000020000b00                UserTxBufferFS
 .bss.USBD_StrDesc
                0x0000000020000ee8      0x200 ./USB_DEVICE/App/usbd_desc.o
                0x0000000020000ee8                USBD_StrDesc
 .bss.hpcd_USB_FS
                0x00000000200010e8      0x2ec ./USB_DEVICE/Target/usbd_conf.o
                0x00000000200010e8                hpcd_USB_FS
 .bss.mem.0     0x00000000200013d4      0x220 ./USB_DEVICE/Target/usbd_conf.o
 *(COMMON)
                0x00000000200015f4                . = ALIGN (0x4)
                0x00000000200015f4                _ebss = .
                0x00000000200015f4                __bss_end__ = _ebss

._user_heap_stack
                0x00000000200015f4      0x604 load address 0x00000000080099f4
                0x00000000200015f8                . = ALIGN (0x8)
 *fill*         0x00000000200015f4        0x4 
                [!provide]                        PROVIDE (end = .)
                0x00000000200015f8                PROVIDE (_end = .)
                0x00000000200017f8                . = (. + _Min_Heap_Size)
 *fill*         0x00000000200015f8      0x200 
                0x0000000020001bf8                . = (. + _Min_Stack_Size)
 *fill*         0x00000000200017f8      0x400 
                0x0000000020001bf8                . = ALIGN (0x8)

/DISCARD/
 libc.a(*)
 libm.a(*)
 libgcc.a(*)

.ARM.attributes
                0x0000000000000000       0x29
 *(.ARM.attributes)
 .ARM.attributes
                0x0000000000000000       0x1d c:/st/stm32cubeide_1.6.0/stm32cubeide/plugins/com.st.stm32cube.ide.mcu.externaltools.gnu-tools-for-stm32.10.3-2021.10.win32_1.0.0.202111181127/tools/bin/../lib/gcc/arm-none-eabi/10.3.1/thumb/v7-m/nofp/crti.o
 .ARM.attributes
                0x000000000000001d       0x2d c:/st/stm32cubeide_1.6.0/stm32cubeide/plugins/com.st.stm32cube.ide.mcu.externaltools.gnu-tools-for-stm32.10.3-2021.10.win32_1.0.0.202111181127/tools/bin/../lib/gcc/arm-none-eabi/10.3.1/thumb/v7-m/nofp/crtbegin.o
 .ARM.attributes
                0x000000000000004a       0x2d ./Core/Src/NeoPixel.o
 .ARM.attributes
                0x0000000000000077       0x2d ./Core/Src/main.o
 .ARM.attributes
                0x00000000000000a4       0x2d ./Core/Src/stm32f1xx_hal_msp.o
 .ARM.attributes
                0x00000000000000d1       0x2d ./Core/Src/stm32f1xx_it.o
 .ARM.attributes
                0x00000000000000fe       0x2d ./Core/Src/system_stm32f1xx.o
 .ARM.attributes
                0x000000000000012b       0x21 ./Core/Startup/startup_stm32f103c8tx.o
 .ARM.attributes
                0x000000000000014c       0x2d ./Drivers/STM32F1xx_HAL_Driver/Src/stm32f1xx_hal.o
 .ARM.attributes
                0x0000000000000179       0x2d ./Drivers/STM32F1xx_HAL_Driver/Src/stm32f1xx_hal_cortex.o
 .ARM.attributes
                0x00000000000001a6       0x2d ./Drivers/STM32F1xx_HAL_Driver/Src/stm32f1xx_hal_dma.o
 .ARM.attributes
                0x00000000000001d3       0x2d ./Drivers/STM32F1xx_HAL_Driver/Src/stm32f1xx_hal_gpio.o
 .ARM.attributes
                0x0000000000000200       0x2d ./Drivers/STM32F1xx_HAL_Driver/Src/stm32f1xx_hal_pcd.o
 .ARM.attributes
                0x000000000000022d       0x2d ./Drivers/STM32F1xx_HAL_Driver/Src/stm32f1xx_hal_pcd_ex.o
 .ARM.attributes
                0x000000000000025a       0x2d ./Drivers/STM32F1xx_HAL_Driver/Src/stm32f1xx_hal_rcc.o
 .ARM.attributes
                0x0000000000000287       0x2d ./Drivers/STM32F1xx_HAL_Driver/Src/stm32f1xx_hal_rcc_ex.o
 .ARM.attributes
                0x00000000000002b4       0x2d ./Drivers/STM32F1xx_HAL_Driver/Src/stm32f1xx_hal_tim.o
 .ARM.attributes
                0x00000000000002e1       0x2d ./Drivers/STM32F1xx_HAL_Driver/Src/stm32f1xx_hal_tim_ex.o
 .ARM.attributes
                0x000000000000030e       0x2d ./Drivers/STM32F1xx_HAL_Driver/Src/stm32f1xx_ll_usb.o
 .ARM.attributes
                0x000000000000033b       0x2d ./Middlewares/ST/STM32_USB_Device_Library/Class/CDC/Src/usbd_cdc.o
 .ARM.attributes
                0x0000000000000368       0x2d ./Middlewares/ST/STM32_USB_Device_Library/Core/Src/usbd_core.o
 .ARM.attributes
                0x0000000000000395       0x2d ./Middlewares/ST/STM32_USB_Device_Library/Core/Src/usbd_ctlreq.o
 .ARM.attributes
                0x00000000000003c2       0x2d ./Middlewares/ST/STM32_USB_Device_Library/Core/Src/usbd_ioreq.o
 .ARM.attributes
                0x00000000000003ef       0x2d ./USB_DEVICE/App/usb_device.o
 .ARM.attributes
                0x000000000000041c       0x2d ./USB_DEVICE/App/usbd_cdc_if.o
 .ARM.attributes
                0x0000000000000449       0x2d ./USB_DEVICE/App/usbd_desc.o
 .ARM.attributes
                0x0000000000000476       0x2d ./USB_DEVICE/Target/usbd_conf.o
 .ARM.attributes
                0x00000000000004a3       0x2d c:/st/stm32cubeide_1.6.0/stm32cubeide/plugins/com.st.stm32cube.ide.mcu.externaltools.gnu-tools-for-stm32.10.3-2021.10.win32_1.0.0.202111181127/tools/bin/../lib/gcc/arm-none-eabi/10.3.1/../../../../arm-none-eabi/lib/thumb/v7-m/nofp\libc_nano.a(lib_a-init.o)
 .ARM.attributes
                0x00000000000004d0       0x2d c:/st/stm32cubeide_1.6.0/stm32cubeide/plugins/com.st.stm32cube.ide.mcu.externaltools.gnu-tools-for-stm32.10.3-2021.10.win32_1.0.0.202111181127/tools/bin/../lib/gcc/arm-none-eabi/10.3.1/../../../../arm-none-eabi/lib/thumb/v7-m/nofp\libc_nano.a(lib_a-memset.o)
 .ARM.attributes
                0x00000000000004fd       0x1d c:/st/stm32cubeide_1.6.0/stm32cubeide/plugins/com.st.stm32cube.ide.mcu.externaltools.gnu-tools-for-stm32.10.3-2021.10.win32_1.0.0.202111181127/tools/bin/../lib/gcc/arm-none-eabi/10.3.1/thumb/v7-m/nofp/crtn.o
OUTPUT(NeoPixeller.elf elf32-littlearm)
LOAD linker stubs
LOAD c:/st/stm32cubeide_1.6.0/stm32cubeide/plugins/com.st.stm32cube.ide.mcu.externaltools.gnu-tools-for-stm32.10.3-2021.10.win32_1.0.0.202111181127/tools/bin/../lib/gcc/arm-none-eabi/10.3.1/../../../../arm-none-eabi/lib/thumb/v7-m/nofp\libc.a
LOAD c:/st/stm32cubeide_1.6.0/stm32cubeide/plugins/com.st.stm32cube.ide.mcu.externaltools.gnu-tools-for-stm32.10.3-2021.10.win32_1.0.0.202111181127/tools/bin/../lib/gcc/arm-none-eabi/10.3.1/../../../../arm-none-eabi/lib/thumb/v7-m/nofp\libm.a
LOAD c:/st/stm32cubeide_1.6.0/stm32cubeide/plugins/com.st.stm32cube.ide.mcu.externaltools.gnu-tools-for-stm32.10.3-2021.10.win32_1.0.0.202111181127/tools/bin/../lib/gcc/arm-none-eabi/10.3.1/thumb/v7-m/nofp\libgcc.a

.debug_info     0x0000000000000000    0x136fa
 .debug_info    0x0000000000000000      0xa9e ./Core/Src/NeoPixel.o
 .debug_info    0x0000000000000a9e     0x1b66 ./Core/Src/main.o
 .debug_info    0x0000000000002604      0xa75 ./Core/Src/stm32f1xx_hal_msp.o
 .debug_info    0x0000000000003079      0x951 ./Core/Src/stm32f1xx_it.o
 .debug_info    0x00000000000039ca      0x23d ./Core/Src/system_stm32f1xx.o
 .debug_info    0x0000000000003c07       0x22 ./Core/Startup/startup_stm32f103c8tx.o
 .debug_info    0x0000000000003c29      0x734 ./Drivers/STM32F1xx_HAL_Driver/Src/stm32f1xx_hal.o
 .debug_info    0x000000000000435d      0xb20 ./Drivers/STM32F1xx_HAL_Driver/Src/stm32f1xx_hal_cortex.o
 .debug_info    0x0000000000004e7d      0x73f ./Drivers/STM32F1xx_HAL_Driver/Src/stm32f1xx_hal_dma.o
 .debug_info    0x00000000000055bc      0x615 ./Drivers/STM32F1xx_HAL_Driver/Src/stm32f1xx_hal_gpio.o
 .debug_info    0x0000000000005bd1     0x16ab ./Drivers/STM32F1xx_HAL_Driver/Src/stm32f1xx_hal_pcd.o
 .debug_info    0x000000000000727c      0x728 ./Drivers/STM32F1xx_HAL_Driver/Src/stm32f1xx_hal_pcd_ex.o
 .debug_info    0x00000000000079a4      0x860 ./Drivers/STM32F1xx_HAL_Driver/Src/stm32f1xx_hal_rcc.o
 .debug_info    0x0000000000008204      0x3e0 ./Drivers/STM32F1xx_HAL_Driver/Src/stm32f1xx_hal_rcc_ex.o
 .debug_info    0x00000000000085e4     0x29de ./Drivers/STM32F1xx_HAL_Driver/Src/stm32f1xx_hal_tim.o
 .debug_info    0x000000000000afc2     0x1513 ./Drivers/STM32F1xx_HAL_Driver/Src/stm32f1xx_hal_tim_ex.o
 .debug_info    0x000000000000c4d5     0x190d ./Drivers/STM32F1xx_HAL_Driver/Src/stm32f1xx_ll_usb.o
 .debug_info    0x000000000000dde2     0x10f1 ./Middlewares/ST/STM32_USB_Device_Library/Class/CDC/Src/usbd_cdc.o
 .debug_info    0x000000000000eed3      0xb02 ./Middlewares/ST/STM32_USB_Device_Library/Core/Src/usbd_core.o
 .debug_info    0x000000000000f9d5      0x9b6 ./Middlewares/ST/STM32_USB_Device_Library/Core/Src/usbd_ctlreq.o
 .debug_info    0x000000000001038b      0x715 ./Middlewares/ST/STM32_USB_Device_Library/Core/Src/usbd_ioreq.o
 .debug_info    0x0000000000010aa0      0x679 ./USB_DEVICE/App/usb_device.o
 .debug_info    0x0000000000011119      0x828 ./USB_DEVICE/App/usbd_cdc_if.o
 .debug_info    0x0000000000011941      0x484 ./USB_DEVICE/App/usbd_desc.o
 .debug_info    0x0000000000011dc5     0x1935 ./USB_DEVICE/Target/usbd_conf.o

.debug_abbrev   0x0000000000000000     0x3588
 .debug_abbrev  0x0000000000000000      0x2c7 ./Core/Src/NeoPixel.o
 .debug_abbrev  0x00000000000002c7      0x460 ./Core/Src/main.o
 .debug_abbrev  0x0000000000000727      0x222 ./Core/Src/stm32f1xx_hal_msp.o
 .debug_abbrev  0x0000000000000949      0x1bc ./Core/Src/stm32f1xx_it.o
 .debug_abbrev  0x0000000000000b05      0x13b ./Core/Src/system_stm32f1xx.o
 .debug_abbrev  0x0000000000000c40       0x12 ./Core/Startup/startup_stm32f103c8tx.o
 .debug_abbrev  0x0000000000000c52      0x1fb ./Drivers/STM32F1xx_HAL_Driver/Src/stm32f1xx_hal.o
 .debug_abbrev  0x0000000000000e4d      0x2ed ./Drivers/STM32F1xx_HAL_Driver/Src/stm32f1xx_hal_cortex.o
 .debug_abbrev  0x000000000000113a      0x1fe ./Drivers/STM32F1xx_HAL_Driver/Src/stm32f1xx_hal_dma.o
 .debug_abbrev  0x0000000000001338      0x1bb ./Drivers/STM32F1xx_HAL_Driver/Src/stm32f1xx_hal_gpio.o
 .debug_abbrev  0x00000000000014f3      0x2b9 ./Drivers/STM32F1xx_HAL_Driver/Src/stm32f1xx_hal_pcd.o
 .debug_abbrev  0x00000000000017ac      0x17f ./Drivers/STM32F1xx_HAL_Driver/Src/stm32f1xx_hal_pcd_ex.o
 .debug_abbrev  0x000000000000192b      0x2a8 ./Drivers/STM32F1xx_HAL_Driver/Src/stm32f1xx_hal_rcc.o
 .debug_abbrev  0x0000000000001bd3      0x182 ./Drivers/STM32F1xx_HAL_Driver/Src/stm32f1xx_hal_rcc_ex.o
 .debug_abbrev  0x0000000000001d55      0x25d ./Drivers/STM32F1xx_HAL_Driver/Src/stm32f1xx_hal_tim.o
 .debug_abbrev  0x0000000000001fb2      0x265 ./Drivers/STM32F1xx_HAL_Driver/Src/stm32f1xx_hal_tim_ex.o
 .debug_abbrev  0x0000000000002217      0x1cd ./Drivers/STM32F1xx_HAL_Driver/Src/stm32f1xx_ll_usb.o
 .debug_abbrev  0x00000000000023e4      0x2c0 ./Middlewares/ST/STM32_USB_Device_Library/Class/CDC/Src/usbd_cdc.o
 .debug_abbrev  0x00000000000026a4      0x236 ./Middlewares/ST/STM32_USB_Device_Library/Core/Src/usbd_core.o
 .debug_abbrev  0x00000000000028da      0x257 ./Middlewares/ST/STM32_USB_Device_Library/Core/Src/usbd_ctlreq.o
 .debug_abbrev  0x0000000000002b31      0x183 ./Middlewares/ST/STM32_USB_Device_Library/Core/Src/usbd_ioreq.o
 .debug_abbrev  0x0000000000002cb4      0x183 ./USB_DEVICE/App/usb_device.o
 .debug_abbrev  0x0000000000002e37      0x252 ./USB_DEVICE/App/usbd_cdc_if.o
 .debug_abbrev  0x0000000000003089      0x1fa ./USB_DEVICE/App/usbd_desc.o
 .debug_abbrev  0x0000000000003283      0x305 ./USB_DEVICE/Target/usbd_conf.o

.debug_aranges  0x0000000000000000     0x10b8
 .debug_aranges
                0x0000000000000000       0x30 ./Core/Src/NeoPixel.o
 .debug_aranges
                0x0000000000000030       0x58 ./Core/Src/main.o
 .debug_aranges
                0x0000000000000088       0x38 ./Core/Src/stm32f1xx_hal_msp.o
 .debug_aranges
                0x00000000000000c0       0xa0 ./Core/Src/stm32f1xx_it.o
 .debug_aranges
                0x0000000000000160       0x28 ./Core/Src/system_stm32f1xx.o
 .debug_aranges
                0x0000000000000188       0x28 ./Core/Startup/startup_stm32f103c8tx.o
 .debug_aranges
                0x00000000000001b0       0xe0 ./Drivers/STM32F1xx_HAL_Driver/Src/stm32f1xx_hal.o
 .debug_aranges
                0x0000000000000290      0x100 ./Drivers/STM32F1xx_HAL_Driver/Src/stm32f1xx_hal_cortex.o
 .debug_aranges
                0x0000000000000390       0x80 ./Drivers/STM32F1xx_HAL_Driver/Src/stm32f1xx_hal_dma.o
 .debug_aranges
                0x0000000000000410       0x58 ./Drivers/STM32F1xx_HAL_Driver/Src/stm32f1xx_hal_gpio.o
 .debug_aranges
                0x0000000000000468      0x138 ./Drivers/STM32F1xx_HAL_Driver/Src/stm32f1xx_hal_pcd.o
 .debug_aranges
                0x00000000000005a0       0x38 ./Drivers/STM32F1xx_HAL_Driver/Src/stm32f1xx_hal_pcd_ex.o
 .debug_aranges
                0x00000000000005d8       0x90 ./Drivers/STM32F1xx_HAL_Driver/Src/stm32f1xx_hal_rcc.o
 .debug_aranges
                0x0000000000000668       0x30 ./Drivers/STM32F1xx_HAL_Driver/Src/stm32f1xx_hal_rcc_ex.o
 .debug_aranges
                0x0000000000000698      0x3d0 ./Drivers/STM32F1xx_HAL_Driver/Src/stm32f1xx_hal_tim.o
 .debug_aranges
                0x0000000000000a68      0x168 ./Drivers/STM32F1xx_HAL_Driver/Src/stm32f1xx_hal_tim_ex.o
 .debug_aranges
                0x0000000000000bd0       0xf0 ./Drivers/STM32F1xx_HAL_Driver/Src/stm32f1xx_ll_usb.o
 .debug_aranges
                0x0000000000000cc0       0x90 ./Middlewares/ST/STM32_USB_Device_Library/Class/CDC/Src/usbd_cdc.o
 .debug_aranges
                0x0000000000000d50       0xb8 ./Middlewares/ST/STM32_USB_Device_Library/Core/Src/usbd_core.o
 .debug_aranges
                0x0000000000000e08       0x88 ./Middlewares/ST/STM32_USB_Device_Library/Core/Src/usbd_ctlreq.o
 .debug_aranges
                0x0000000000000e90       0x50 ./Middlewares/ST/STM32_USB_Device_Library/Core/Src/usbd_ioreq.o
 .debug_aranges
                0x0000000000000ee0       0x20 ./USB_DEVICE/App/usb_device.o
 .debug_aranges
                0x0000000000000f00       0x40 ./USB_DEVICE/App/usbd_cdc_if.o
 .debug_aranges
                0x0000000000000f40       0x60 ./USB_DEVICE/App/usbd_desc.o
 .debug_aranges
                0x0000000000000fa0      0x118 ./USB_DEVICE/Target/usbd_conf.o

.debug_ranges   0x0000000000000000      0xf30
 .debug_ranges  0x0000000000000000       0x20 ./Core/Src/NeoPixel.o
 .debug_ranges  0x0000000000000020       0x48 ./Core/Src/main.o
 .debug_ranges  0x0000000000000068       0x28 ./Core/Src/stm32f1xx_hal_msp.o
 .debug_ranges  0x0000000000000090       0x90 ./Core/Src/stm32f1xx_it.o
 .debug_ranges  0x0000000000000120       0x18 ./Core/Src/system_stm32f1xx.o
 .debug_ranges  0x0000000000000138       0x20 ./Core/Startup/startup_stm32f103c8tx.o
 .debug_ranges  0x0000000000000158       0xd0 ./Drivers/STM32F1xx_HAL_Driver/Src/stm32f1xx_hal.o
 .debug_ranges  0x0000000000000228       0xf0 ./Drivers/STM32F1xx_HAL_Driver/Src/stm32f1xx_hal_cortex.o
 .debug_ranges  0x0000000000000318       0x70 ./Drivers/STM32F1xx_HAL_Driver/Src/stm32f1xx_hal_dma.o
 .debug_ranges  0x0000000000000388       0x48 ./Drivers/STM32F1xx_HAL_Driver/Src/stm32f1xx_hal_gpio.o
 .debug_ranges  0x00000000000003d0      0x128 ./Drivers/STM32F1xx_HAL_Driver/Src/stm32f1xx_hal_pcd.o
 .debug_ranges  0x00000000000004f8       0x28 ./Drivers/STM32F1xx_HAL_Driver/Src/stm32f1xx_hal_pcd_ex.o
 .debug_ranges  0x0000000000000520       0x80 ./Drivers/STM32F1xx_HAL_Driver/Src/stm32f1xx_hal_rcc.o
 .debug_ranges  0x00000000000005a0       0x20 ./Drivers/STM32F1xx_HAL_Driver/Src/stm32f1xx_hal_rcc_ex.o
 .debug_ranges  0x00000000000005c0      0x3c0 ./Drivers/STM32F1xx_HAL_Driver/Src/stm32f1xx_hal_tim.o
 .debug_ranges  0x0000000000000980      0x158 ./Drivers/STM32F1xx_HAL_Driver/Src/stm32f1xx_hal_tim_ex.o
 .debug_ranges  0x0000000000000ad8       0xe0 ./Drivers/STM32F1xx_HAL_Driver/Src/stm32f1xx_ll_usb.o
 .debug_ranges  0x0000000000000bb8       0x80 ./Middlewares/ST/STM32_USB_Device_Library/Class/CDC/Src/usbd_cdc.o
 .debug_ranges  0x0000000000000c38       0xa8 ./Middlewares/ST/STM32_USB_Device_Library/Core/Src/usbd_core.o
 .debug_ranges  0x0000000000000ce0       0x78 ./Middlewares/ST/STM32_USB_Device_Library/Core/Src/usbd_ctlreq.o
 .debug_ranges  0x0000000000000d58       0x40 ./Middlewares/ST/STM32_USB_Device_Library/Core/Src/usbd_ioreq.o
 .debug_ranges  0x0000000000000d98       0x10 ./USB_DEVICE/App/usb_device.o
 .debug_ranges  0x0000000000000da8       0x30 ./USB_DEVICE/App/usbd_cdc_if.o
 .debug_ranges  0x0000000000000dd8       0x50 ./USB_DEVICE/App/usbd_desc.o
 .debug_ranges  0x0000000000000e28      0x108 ./USB_DEVICE/Target/usbd_conf.o

.debug_macro    0x0000000000000000    0x1c849
 .debug_macro   0x0000000000000000      0x1cc ./Core/Src/NeoPixel.o
 .debug_macro   0x00000000000001cc      0xb44 ./Core/Src/NeoPixel.o
 .debug_macro   0x0000000000000d10      0x221 ./Core/Src/NeoPixel.o
 .debug_macro   0x0000000000000f31       0x2e ./Core/Src/NeoPixel.o
 .debug_macro   0x0000000000000f5f       0x22 ./Core/Src/NeoPixel.o
 .debug_macro   0x0000000000000f81       0x1c ./Core/Src/NeoPixel.o
 .debug_macro   0x0000000000000f9d       0x22 ./Core/Src/NeoPixel.o
 .debug_macro   0x0000000000000fbf       0x8e ./Core/Src/NeoPixel.o
 .debug_macro   0x000000000000104d       0x51 ./Core/Src/NeoPixel.o
 .debug_macro   0x000000000000109e      0x103 ./Core/Src/NeoPixel.o
 .debug_macro   0x00000000000011a1       0x6a ./Core/Src/NeoPixel.o
 .debug_macro   0x000000000000120b      0x1df ./Core/Src/NeoPixel.o
 .debug_macro   0x00000000000013ea       0x1c ./Core/Src/NeoPixel.o
 .debug_macro   0x0000000000001406       0x22 ./Core/Src/NeoPixel.o
 .debug_macro   0x0000000000001428       0xbd ./Core/Src/NeoPixel.o
 .debug_macro   0x00000000000014e5      0xd23 ./Core/Src/NeoPixel.o
 .debug_macro   0x0000000000002208     0xe09e ./Core/Src/NeoPixel.o
 .debug_macro   0x00000000000102a6       0x6d ./Core/Src/NeoPixel.o
 .debug_macro   0x0000000000010313     0x3468 ./Core/Src/NeoPixel.o
 .debug_macro   0x000000000001377b      0x17b ./Core/Src/NeoPixel.o
 .debug_macro   0x00000000000138f6       0x5c ./Core/Src/NeoPixel.o
 .debug_macro   0x0000000000013952      0x5be ./Core/Src/NeoPixel.o
 .debug_macro   0x0000000000013f10      0x289 ./Core/Src/NeoPixel.o
 .debug_macro   0x0000000000014199      0x1cb ./Core/Src/NeoPixel.o
 .debug_macro   0x0000000000014364      0x114 ./Core/Src/NeoPixel.o
 .debug_macro   0x0000000000014478      0x1b2 ./Core/Src/NeoPixel.o
 .debug_macro   0x000000000001462a       0x27 ./Core/Src/NeoPixel.o
 .debug_macro   0x0000000000014651      0x136 ./Core/Src/NeoPixel.o
 .debug_macro   0x0000000000014787      0x1bc ./Core/Src/NeoPixel.o
 .debug_macro   0x0000000000014943       0x34 ./Core/Src/NeoPixel.o
 .debug_macro   0x0000000000014977       0x3c ./Core/Src/NeoPixel.o
 .debug_macro   0x00000000000149b3       0x57 ./Core/Src/NeoPixel.o
 .debug_macro   0x0000000000014a0a       0x88 ./Core/Src/NeoPixel.o
 .debug_macro   0x0000000000014a92      0x241 ./Core/Src/NeoPixel.o
 .debug_macro   0x0000000000014cd3      0x141 ./Core/Src/NeoPixel.o
 .debug_macro   0x0000000000014e14      0x8d1 ./Core/Src/NeoPixel.o
 .debug_macro   0x00000000000156e5       0x65 ./Core/Src/NeoPixel.o
 .debug_macro   0x000000000001574a      0x249 ./Core/Src/NeoPixel.o
 .debug_macro   0x0000000000015993       0x83 ./Core/Src/NeoPixel.o
 .debug_macro   0x0000000000015a16      0x410 ./Core/Src/main.o
 .debug_macro   0x0000000000015e26       0x1c ./Core/Src/main.o
 .debug_macro   0x0000000000015e42       0x52 ./Core/Src/main.o
 .debug_macro   0x0000000000015e94       0x18 ./Core/Src/main.o
 .debug_macro   0x0000000000015eac       0x3c ./Core/Src/main.o
 .debug_macro   0x0000000000015ee8       0x34 ./Core/Src/main.o
 .debug_macro   0x0000000000015f1c       0x16 ./Core/Src/main.o
 .debug_macro   0x0000000000015f32       0x35 ./Core/Src/main.o
 .debug_macro   0x0000000000015f67      0x364 ./Core/Src/main.o
 .debug_macro   0x00000000000162cb       0x10 ./Core/Src/main.o
 .debug_macro   0x00000000000162db       0x16 ./Core/Src/main.o
 .debug_macro   0x00000000000162f1       0x43 ./Core/Src/main.o
 .debug_macro   0x0000000000016334       0x34 ./Core/Src/main.o
 .debug_macro   0x0000000000016368       0x10 ./Core/Src/main.o
 .debug_macro   0x0000000000016378       0x58 ./Core/Src/main.o
 .debug_macro   0x00000000000163d0       0x71 ./Core/Src/main.o
 .debug_macro   0x0000000000016441       0x16 ./Core/Src/main.o
 .debug_macro   0x0000000000016457      0x12a ./Core/Src/main.o
 .debug_macro   0x0000000000016581       0x10 ./Core/Src/main.o
 .debug_macro   0x0000000000016591       0x1c ./Core/Src/main.o
 .debug_macro   0x00000000000165ad       0x52 ./Core/Src/main.o
 .debug_macro   0x00000000000165ff       0x22 ./Core/Src/main.o
 .debug_macro   0x0000000000016621       0x10 ./Core/Src/main.o
 .debug_macro   0x0000000000016631       0x52 ./Core/Src/main.o
 .debug_macro   0x0000000000016683       0xd5 ./Core/Src/main.o
 .debug_macro   0x0000000000016758       0x1c ./Core/Src/main.o
 .debug_macro   0x0000000000016774       0x3d ./Core/Src/main.o
 .debug_macro   0x00000000000167b1       0x16 ./Core/Src/main.o
 .debug_macro   0x00000000000167c7      0x137 ./Core/Src/main.o
 .debug_macro   0x00000000000168fe      0x18a ./Core/Src/main.o
 .debug_macro   0x0000000000016a88       0x10 ./Core/Src/main.o
 .debug_macro   0x0000000000016a98      0x3d1 ./Core/Src/main.o
 .debug_macro   0x0000000000016e69       0x10 ./Core/Src/main.o
 .debug_macro   0x0000000000016e79       0x16 ./Core/Src/main.o
 .debug_macro   0x0000000000016e8f       0x16 ./Core/Src/main.o
 .debug_macro   0x0000000000016ea5       0x29 ./Core/Src/main.o
 .debug_macro   0x0000000000016ece       0x1c ./Core/Src/main.o
 .debug_macro   0x0000000000016eea       0xde ./Core/Src/main.o
 .debug_macro   0x0000000000016fc8       0x16 ./Core/Src/main.o
 .debug_macro   0x0000000000016fde       0x20 ./Core/Src/main.o
 .debug_macro   0x0000000000016ffe       0x5f ./Core/Src/main.o
 .debug_macro   0x000000000001705d      0x1c8 ./Core/Src/main.o
 .debug_macro   0x0000000000017225      0x1cc ./Core/Src/stm32f1xx_hal_msp.o
 .debug_macro   0x00000000000173f1      0xa6c ./Core/Src/stm32f1xx_hal_msp.o
 .debug_macro   0x0000000000017e5d      0xd23 ./Core/Src/stm32f1xx_hal_msp.o
 .debug_macro   0x0000000000018b80      0x174 ./Core/Src/stm32f1xx_hal_msp.o
 .debug_macro   0x0000000000018cf4      0x1d6 ./Core/Src/stm32f1xx_it.o
 .debug_macro   0x0000000000018eca      0x1bd ./Core/Src/system_stm32f1xx.o
 .debug_macro   0x0000000000019087      0x1e1 ./Drivers/STM32F1xx_HAL_Driver/Src/stm32f1xx_hal.o
 .debug_macro   0x0000000000019268      0x1bd ./Drivers/STM32F1xx_HAL_Driver/Src/stm32f1xx_hal_cortex.o
 .debug_macro   0x0000000000019425      0x1bd ./Drivers/STM32F1xx_HAL_Driver/Src/stm32f1xx_hal_dma.o
 .debug_macro   0x00000000000195e2      0x228 ./Drivers/STM32F1xx_HAL_Driver/Src/stm32f1xx_hal_gpio.o
 .debug_macro   0x000000000001980a      0x1c9 ./Drivers/STM32F1xx_HAL_Driver/Src/stm32f1xx_hal_pcd.o
 .debug_macro   0x00000000000199d3      0x1bd ./Drivers/STM32F1xx_HAL_Driver/Src/stm32f1xx_hal_pcd_ex.o
 .debug_macro   0x0000000000019b90      0x1cf ./Drivers/STM32F1xx_HAL_Driver/Src/stm32f1xx_hal_rcc.o
 .debug_macro   0x0000000000019d5f      0x1bd ./Drivers/STM32F1xx_HAL_Driver/Src/stm32f1xx_hal_rcc_ex.o
 .debug_macro   0x0000000000019f1c      0x1be ./Drivers/STM32F1xx_HAL_Driver/Src/stm32f1xx_hal_tim.o
 .debug_macro   0x000000000001a0da      0x1bd ./Drivers/STM32F1xx_HAL_Driver/Src/stm32f1xx_hal_tim_ex.o
 .debug_macro   0x000000000001a297      0x1bd ./Drivers/STM32F1xx_HAL_Driver/Src/stm32f1xx_ll_usb.o
 .debug_macro   0x000000000001a454      0x3e2 ./Middlewares/ST/STM32_USB_Device_Library/Class/CDC/Src/usbd_cdc.o
 .debug_macro   0x000000000001a836       0x97 ./Middlewares/ST/STM32_USB_Device_Library/Class/CDC/Src/usbd_cdc.o
 .debug_macro   0x000000000001a8cd       0xfd ./Middlewares/ST/STM32_USB_Device_Library/Class/CDC/Src/usbd_cdc.o
 .debug_macro   0x000000000001a9ca       0x56 ./Middlewares/ST/STM32_USB_Device_Library/Class/CDC/Src/usbd_cdc.o
 .debug_macro   0x000000000001aa20       0x8f ./Middlewares/ST/STM32_USB_Device_Library/Class/CDC/Src/usbd_cdc.o
 .debug_macro   0x000000000001aaaf      0x3c9 ./Middlewares/ST/STM32_USB_Device_Library/Core/Src/usbd_core.o
 .debug_macro   0x000000000001ae78      0x1ce ./Middlewares/ST/STM32_USB_Device_Library/Core/Src/usbd_core.o
 .debug_macro   0x000000000001b046      0x3d3 ./Middlewares/ST/STM32_USB_Device_Library/Core/Src/usbd_ctlreq.o
 .debug_macro   0x000000000001b419      0x3cf ./Middlewares/ST/STM32_USB_Device_Library/Core/Src/usbd_ioreq.o
 .debug_macro   0x000000000001b7e8      0x402 ./USB_DEVICE/App/usb_device.o
 .debug_macro   0x000000000001bbea       0x22 ./USB_DEVICE/App/usb_device.o
 .debug_macro   0x000000000001bc0c       0x22 ./USB_DEVICE/App/usb_device.o
 .debug_macro   0x000000000001bc2e       0x16 ./USB_DEVICE/App/usb_device.o
 .debug_macro   0x000000000001bc44      0x3ed ./USB_DEVICE/App/usbd_cdc_if.o
 .debug_macro   0x000000000001c031       0x10 ./USB_DEVICE/App/usbd_cdc_if.o
 .debug_macro   0x000000000001c041      0x406 ./USB_DEVICE/App/usbd_desc.o
 .debug_macro   0x000000000001c447       0x1c ./USB_DEVICE/App/usbd_desc.o
 .debug_macro   0x000000000001c463      0x3e6 ./USB_DEVICE/Target/usbd_conf.o

.debug_line     0x0000000000000000    0x148f4
 .debug_line    0x0000000000000000      0x7b8 ./Core/Src/NeoPixel.o
 .debug_line    0x00000000000007b8      0xf3c ./Core/Src/main.o
 .debug_line    0x00000000000016f4      0x873 ./Core/Src/stm32f1xx_hal_msp.o
 .debug_line    0x0000000000001f67      0x81f ./Core/Src/stm32f1xx_it.o
 .debug_line    0x0000000000002786      0x71b ./Core/Src/system_stm32f1xx.o
 .debug_line    0x0000000000002ea1       0x87 ./Core/Startup/startup_stm32f103c8tx.o
 .debug_line    0x0000000000002f28      0x948 ./Drivers/STM32F1xx_HAL_Driver/Src/stm32f1xx_hal.o
 .debug_line    0x0000000000003870      0xb30 ./Drivers/STM32F1xx_HAL_Driver/Src/stm32f1xx_hal_cortex.o
 .debug_line    0x00000000000043a0      0xda0 ./Drivers/STM32F1xx_HAL_Driver/Src/stm32f1xx_hal_dma.o
 .debug_line    0x0000000000005140      0x9df ./Drivers/STM32F1xx_HAL_Driver/Src/stm32f1xx_hal_gpio.o
 .debug_line    0x0000000000005b1f     0x1336 ./Drivers/STM32F1xx_HAL_Driver/Src/stm32f1xx_hal_pcd.o
 .debug_line    0x0000000000006e55      0x716 ./Drivers/STM32F1xx_HAL_Driver/Src/stm32f1xx_hal_pcd_ex.o
 .debug_line    0x000000000000756b      0xd56 ./Drivers/STM32F1xx_HAL_Driver/Src/stm32f1xx_hal_rcc.o
 .debug_line    0x00000000000082c1      0x894 ./Drivers/STM32F1xx_HAL_Driver/Src/stm32f1xx_hal_rcc_ex.o
 .debug_line    0x0000000000008b55     0x32fe ./Drivers/STM32F1xx_HAL_Driver/Src/stm32f1xx_hal_tim.o
 .debug_line    0x000000000000be53     0x1870 ./Drivers/STM32F1xx_HAL_Driver/Src/stm32f1xx_hal_tim_ex.o
 .debug_line    0x000000000000d6c3     0x107b ./Drivers/STM32F1xx_HAL_Driver/Src/stm32f1xx_ll_usb.o
 .debug_line    0x000000000000e73e      0xd26 ./Middlewares/ST/STM32_USB_Device_Library/Class/CDC/Src/usbd_cdc.o
 .debug_line    0x000000000000f464      0xda6 ./Middlewares/ST/STM32_USB_Device_Library/Core/Src/usbd_core.o
 .debug_line    0x000000000001020a      0xfc8 ./Middlewares/ST/STM32_USB_Device_Library/Core/Src/usbd_ctlreq.o
 .debug_line    0x00000000000111d2      0xa3c ./Middlewares/ST/STM32_USB_Device_Library/Core/Src/usbd_ioreq.o
 .debug_line    0x0000000000011c0e      0x9fc ./USB_DEVICE/App/usb_device.o
 .debug_line    0x000000000001260a      0xa44 ./USB_DEVICE/App/usbd_cdc_if.o
 .debug_line    0x000000000001304e      0xac5 ./USB_DEVICE/App/usbd_desc.o
 .debug_line    0x0000000000013b13      0xde1 ./USB_DEVICE/Target/usbd_conf.o

.debug_str      0x0000000000000000    0x8f2e7
 .debug_str     0x0000000000000000    0x84764 ./Core/Src/NeoPixel.o
                                      0x84ccb (size before relaxing)
 .debug_str     0x0000000000084764     0x69f8 ./Core/Src/main.o
                                      0x8b86a (size before relaxing)
 .debug_str     0x000000000008b15c      0x27f ./Core/Src/stm32f1xx_hal_msp.o
                                      0x84682 (size before relaxing)
 .debug_str     0x000000000008b3db      0x48f ./Core/Src/stm32f1xx_it.o
                                      0x846dd (size before relaxing)
 .debug_str     0x000000000008b86a       0x7e ./Core/Src/system_stm32f1xx.o
                                      0x84014 (size before relaxing)
 .debug_str     0x000000000008b8e8       0x36 ./Core/Startup/startup_stm32f103c8tx.o
                                         0x74 (size before relaxing)
 .debug_str     0x000000000008b91e      0x320 ./Drivers/STM32F1xx_HAL_Driver/Src/stm32f1xx_hal.o
                                      0x84747 (size before relaxing)
 .debug_str     0x000000000008bc3e      0x280 ./Drivers/STM32F1xx_HAL_Driver/Src/stm32f1xx_hal_cortex.o
                                      0x84693 (size before relaxing)
 .debug_str     0x000000000008bebe      0x20e ./Drivers/STM32F1xx_HAL_Driver/Src/stm32f1xx_hal_dma.o
                                      0x843bd (size before relaxing)
 .debug_str     0x000000000008c0cc      0x2e0 ./Drivers/STM32F1xx_HAL_Driver/Src/stm32f1xx_hal_gpio.o
                                      0x8439a (size before relaxing)
 .debug_str     0x000000000008c3ac      0x573 ./Drivers/STM32F1xx_HAL_Driver/Src/stm32f1xx_hal_pcd.o
                                      0x848ec (size before relaxing)
 .debug_str     0x000000000008c91f      0x170 ./Drivers/STM32F1xx_HAL_Driver/Src/stm32f1xx_hal_pcd_ex.o
                                      0x84488 (size before relaxing)
 .debug_str     0x000000000008ca8f      0x21e ./Drivers/STM32F1xx_HAL_Driver/Src/stm32f1xx_hal_rcc.o
                                      0x84443 (size before relaxing)
 .debug_str     0x000000000008ccad       0x9f ./Drivers/STM32F1xx_HAL_Driver/Src/stm32f1xx_hal_rcc_ex.o
                                      0x84193 (size before relaxing)
 .debug_str     0x000000000008cd4c      0xdac ./Drivers/STM32F1xx_HAL_Driver/Src/stm32f1xx_hal_tim.o
                                      0x8542e (size before relaxing)
 .debug_str     0x000000000008daf8      0x3e1 ./Drivers/STM32F1xx_HAL_Driver/Src/stm32f1xx_hal_tim_ex.o
                                      0x84c4a (size before relaxing)
 .debug_str     0x000000000008ded9      0x123 ./Drivers/STM32F1xx_HAL_Driver/Src/stm32f1xx_ll_usb.o
                                      0x844bb (size before relaxing)
 .debug_str     0x000000000008dffc      0xa97 ./Middlewares/ST/STM32_USB_Device_Library/Class/CDC/Src/usbd_cdc.o
                                      0x8959c (size before relaxing)
 .debug_str     0x000000000008ea93      0x281 ./Middlewares/ST/STM32_USB_Device_Library/Core/Src/usbd_core.o
                                      0x88ed7 (size before relaxing)
 .debug_str     0x000000000008ed14      0x120 ./Middlewares/ST/STM32_USB_Device_Library/Core/Src/usbd_ctlreq.o
                                      0x88df1 (size before relaxing)
 .debug_str     0x000000000008ee34       0x51 ./Middlewares/ST/STM32_USB_Device_Library/Core/Src/usbd_ioreq.o
                                      0x88d1e (size before relaxing)
 .debug_str     0x000000000008ee85      0x105 ./USB_DEVICE/App/usb_device.o
                                      0x890a9 (size before relaxing)
 .debug_str     0x000000000008ef8a       0x8d ./USB_DEVICE/App/usbd_cdc_if.o
                                      0x890cf (size before relaxing)
 .debug_str     0x000000000008f017      0x258 ./USB_DEVICE/App/usbd_desc.o
                                      0x88c5a (size before relaxing)
 .debug_str     0x000000000008f26f       0x78 ./USB_DEVICE/Target/usbd_conf.o
                                      0x89b29 (size before relaxing)

.comment        0x0000000000000000       0x50
 .comment       0x0000000000000000       0x50 ./Core/Src/NeoPixel.o
                                         0x51 (size before relaxing)
 .comment       0x0000000000000050       0x51 ./Core/Src/main.o
 .comment       0x0000000000000050       0x51 ./Core/Src/stm32f1xx_hal_msp.o
 .comment       0x0000000000000050       0x51 ./Core/Src/stm32f1xx_it.o
 .comment       0x0000000000000050       0x51 ./Core/Src/system_stm32f1xx.o
 .comment       0x0000000000000050       0x51 ./Drivers/STM32F1xx_HAL_Driver/Src/stm32f1xx_hal.o
 .comment       0x0000000000000050       0x51 ./Drivers/STM32F1xx_HAL_Driver/Src/stm32f1xx_hal_cortex.o
 .comment       0x0000000000000050       0x51 ./Drivers/STM32F1xx_HAL_Driver/Src/stm32f1xx_hal_dma.o
 .comment       0x0000000000000050       0x51 ./Drivers/STM32F1xx_HAL_Driver/Src/stm32f1xx_hal_gpio.o
 .comment       0x0000000000000050       0x51 ./Drivers/STM32F1xx_HAL_Driver/Src/stm32f1xx_hal_pcd.o
 .comment       0x0000000000000050       0x51 ./Drivers/STM32F1xx_HAL_Driver/Src/stm32f1xx_hal_pcd_ex.o
 .comment       0x0000000000000050       0x51 ./Drivers/STM32F1xx_HAL_Driver/Src/stm32f1xx_hal_rcc.o
 .comment       0x0000000000000050       0x51 ./Drivers/STM32F1xx_HAL_Driver/Src/stm32f1xx_hal_rcc_ex.o
 .comment       0x0000000000000050       0x51 ./Drivers/STM32F1xx_HAL_Driver/Src/stm32f1xx_hal_tim.o
 .comment       0x0000000000000050       0x51 ./Drivers/STM32F1xx_HAL_Driver/Src/stm32f1xx_hal_tim_ex.o
 .comment       0x0000000000000050       0x51 ./Drivers/STM32F1xx_HAL_Driver/Src/stm32f1xx_ll_usb.o
 .comment       0x0000000000000050       0x51 ./Middlewares/ST/STM32_USB_Device_Library/Class/CDC/Src/usbd_cdc.o
 .comment       0x0000000000000050       0x51 ./Middlewares/ST/STM32_USB_Device_Library/Core/Src/usbd_core.o
 .comment       0x0000000000000050       0x51 ./Middlewares/ST/STM32_USB_Device_Library/Core/Src/usbd_ctlreq.o
 .comment       0x0000000000000050       0x51 ./Middlewares/ST/STM32_USB_Device_Library/Core/Src/usbd_ioreq.o
 .comment       0x0000000000000050       0x51 ./USB_DEVICE/App/usb_device.o
 .comment       0x0000000000000050       0x51 ./USB_DEVICE/App/usbd_cdc_if.o
 .comment       0x0000000000000050       0x51 ./USB_DEVICE/App/usbd_desc.o
 .comment       0x0000000000000050       0x51 ./USB_DEVICE/Target/usbd_conf.o

.debug_frame    0x0000000000000000     0x43ec
 .debug_frame   0x0000000000000000       0x84 ./Core/Src/NeoPixel.o
 .debug_frame   0x0000000000000084      0x128 ./Core/Src/main.o
 .debug_frame   0x00000000000001ac       0xa8 ./Core/Src/stm32f1xx_hal_msp.o
 .debug_frame   0x0000000000000254      0x1e4 ./Core/Src/stm32f1xx_it.o
 .debug_frame   0x0000000000000438       0x58 ./Core/Src/system_stm32f1xx.o
 .debug_frame   0x0000000000000490      0x334 ./Drivers/STM32F1xx_HAL_Driver/Src/stm32f1xx_hal.o
 .debug_frame   0x00000000000007c4      0x428 ./Drivers/STM32F1xx_HAL_Driver/Src/stm32f1xx_hal_cortex.o
 .debug_frame   0x0000000000000bec      0x208 ./Drivers/STM32F1xx_HAL_Driver/Src/stm32f1xx_hal_dma.o
 .debug_frame   0x0000000000000df4      0x14c ./Drivers/STM32F1xx_HAL_Driver/Src/stm32f1xx_hal_gpio.o
 .debug_frame   0x0000000000000f40      0x578 ./Drivers/STM32F1xx_HAL_Driver/Src/stm32f1xx_hal_pcd.o
 .debug_frame   0x00000000000014b8       0xb0 ./Drivers/STM32F1xx_HAL_Driver/Src/stm32f1xx_hal_pcd_ex.o
 .debug_frame   0x0000000000001568      0x21c ./Drivers/STM32F1xx_HAL_Driver/Src/stm32f1xx_hal_rcc.o
 .debug_frame   0x0000000000001784       0x84 ./Drivers/STM32F1xx_HAL_Driver/Src/stm32f1xx_hal_rcc_ex.o
 .debug_frame   0x0000000000001808     0x11b8 ./Drivers/STM32F1xx_HAL_Driver/Src/stm32f1xx_hal_tim.o
 .debug_frame   0x00000000000029c0      0x638 ./Drivers/STM32F1xx_HAL_Driver/Src/stm32f1xx_hal_tim_ex.o
 .debug_frame   0x0000000000002ff8      0x450 ./Drivers/STM32F1xx_HAL_Driver/Src/stm32f1xx_ll_usb.o
 .debug_frame   0x0000000000003448      0x248 ./Middlewares/ST/STM32_USB_Device_Library/Class/CDC/Src/usbd_cdc.o
 .debug_frame   0x0000000000003690      0x300 ./Middlewares/ST/STM32_USB_Device_Library/Core/Src/usbd_core.o
 .debug_frame   0x0000000000003990      0x218 ./Middlewares/ST/STM32_USB_Device_Library/Core/Src/usbd_ctlreq.o
 .debug_frame   0x0000000000003ba8      0x10c ./Middlewares/ST/STM32_USB_Device_Library/Core/Src/usbd_ioreq.o
 .debug_frame   0x0000000000003cb4       0x2c ./USB_DEVICE/App/usb_device.o
 .debug_frame   0x0000000000003ce0       0xbc ./USB_DEVICE/App/usbd_cdc_if.o
 .debug_frame   0x0000000000003d9c      0x160 ./USB_DEVICE/App/usbd_desc.o
 .debug_frame   0x0000000000003efc      0x4a4 ./USB_DEVICE/Target/usbd_conf.o
 .debug_frame   0x00000000000043a0       0x2c c:/st/stm32cubeide_1.6.0/stm32cubeide/plugins/com.st.stm32cube.ide.mcu.externaltools.gnu-tools-for-stm32.10.3-2021.10.win32_1.0.0.202111181127/tools/bin/../lib/gcc/arm-none-eabi/10.3.1/../../../../arm-none-eabi/lib/thumb/v7-m/nofp\libc_nano.a(lib_a-init.o)
 .debug_frame   0x00000000000043cc       0x20 c:/st/stm32cubeide_1.6.0/stm32cubeide/plugins/com.st.stm32cube.ide.mcu.externaltools.gnu-tools-for-stm32.10.3-2021.10.win32_1.0.0.202111181127/tools/bin/../lib/gcc/arm-none-eabi/10.3.1/../../../../arm-none-eabi/lib/thumb/v7-m/nofp\libc_nano.a(lib_a-memset.o)